Component: Arm Compiler for Embedded 6.19 Tool: armlink [5e73cb00]

==============================================================================

Section Cross References

    startup_stm32f100xb.o(STACK) refers (Special) to heapauxi.o(.text) for __use_two_region_memory
    startup_stm32f100xb.o(HEAP) refers (Special) to heapauxi.o(.text) for __use_two_region_memory
    startup_stm32f100xb.o(RESET) refers (Special) to heapauxi.o(.text) for __use_two_region_memory
    startup_stm32f100xb.o(RESET) refers to startup_stm32f100xb.o(STACK) for __initial_sp
    startup_stm32f100xb.o(RESET) refers to startup_stm32f100xb.o(.text) for Reset_Handler
    startup_stm32f100xb.o(RESET) refers to stm32f1xx_it.o(.text.NMI_Handler) for NMI_Handler
    startup_stm32f100xb.o(RESET) refers to stm32f1xx_it.o(.text.HardFault_Handler) for HardFault_Handler
    startup_stm32f100xb.o(RESET) refers to stm32f1xx_it.o(.text.MemManage_Handler) for MemManage_Handler
    startup_stm32f100xb.o(RESET) refers to stm32f1xx_it.o(.text.BusFault_Handler) for BusFault_Handler
    startup_stm32f100xb.o(RESET) refers to stm32f1xx_it.o(.text.UsageFault_Handler) for UsageFault_Handler
    startup_stm32f100xb.o(RESET) refers to stm32f1xx_it.o(.text.SVC_Handler) for SVC_Handler
    startup_stm32f100xb.o(RESET) refers to stm32f1xx_it.o(.text.DebugMon_Handler) for DebugMon_Handler
    startup_stm32f100xb.o(RESET) refers to stm32f1xx_it.o(.text.PendSV_Handler) for PendSV_Handler
    startup_stm32f100xb.o(RESET) refers to stm32f1xx_it.o(.text.SysTick_Handler) for SysTick_Handler
    startup_stm32f100xb.o(RESET) refers to stm32f1xx_it.o(.text.DMA1_Channel7_IRQHandler) for DMA1_Channel7_IRQHandler
    startup_stm32f100xb.o(RESET) refers to stm32f1xx_it.o(.text.TIM1_UP_TIM16_IRQHandler) for TIM1_UP_TIM16_IRQHandler
    startup_stm32f100xb.o(RESET) refers to stm32f1xx_it.o(.text.TIM1_TRG_COM_TIM17_IRQHandler) for TIM1_TRG_COM_TIM17_IRQHandler
    startup_stm32f100xb.o(RESET) refers to stm32f1xx_it.o(.text.TIM4_IRQHandler) for TIM4_IRQHandler
    startup_stm32f100xb.o(RESET) refers to stm32f1xx_it.o(.text.TIM6_DAC_IRQHandler) for TIM6_DAC_IRQHandler
    startup_stm32f100xb.o(RESET) refers to stm32f1xx_it.o(.text.TIM7_IRQHandler) for TIM7_IRQHandler
    startup_stm32f100xb.o(.text) refers (Special) to heapauxi.o(.text) for __use_two_region_memory
    startup_stm32f100xb.o(.text) refers to system_stm32f1xx.o(.text.SystemInit) for SystemInit
    startup_stm32f100xb.o(.text) refers to __main.o(!!!main) for __main
    startup_stm32f100xb.o(.text) refers to startup_stm32f100xb.o(HEAP) for Heap_Mem
    startup_stm32f100xb.o(.text) refers to startup_stm32f100xb.o(STACK) for Stack_Mem
    hd44780_driver.o(.text.HD44780_Command) refers to timers.o(.text.delay_us) for delay_us
    hd44780_driver.o(.ARM.exidx.text.HD44780_Command) refers to hd44780_driver.o(.text.HD44780_Command) for [Anonymous Symbol]
    hd44780_driver.o(.text.HD44780_Data) refers to timers.o(.text.delay_us) for delay_us
    hd44780_driver.o(.ARM.exidx.text.HD44780_Data) refers to hd44780_driver.o(.text.HD44780_Data) for [Anonymous Symbol]
    hd44780_driver.o(.text.HD44780_Init) refers to timers.o(.text.delay_us) for delay_us
    hd44780_driver.o(.ARM.exidx.text.HD44780_Init) refers to hd44780_driver.o(.text.HD44780_Init) for [Anonymous Symbol]
    hd44780_driver.o(.text.HD44780_ClearLCD) refers to timers.o(.text.delay_us) for delay_us
    hd44780_driver.o(.ARM.exidx.text.HD44780_ClearLCD) refers to hd44780_driver.o(.text.HD44780_ClearLCD) for [Anonymous Symbol]
    hd44780_driver.o(.text.HD44780_SendChar) refers to hd44780_driver.o(.text.HD44780_Data) for HD44780_Data
    hd44780_driver.o(.ARM.exidx.text.HD44780_SendChar) refers to hd44780_driver.o(.text.HD44780_SendChar) for [Anonymous Symbol]
    hd44780_driver.o(.text.HD44780_SetPos) refers to hd44780_driver.o(.text.HD44780_Command) for HD44780_Command
    hd44780_driver.o(.ARM.exidx.text.HD44780_SetPos) refers to hd44780_driver.o(.text.HD44780_SetPos) for [Anonymous Symbol]
    hd44780_driver.o(.text.HD44780_SendString) refers to hd44780_driver.o(.text.HD44780_Data) for HD44780_Data
    hd44780_driver.o(.ARM.exidx.text.HD44780_SendString) refers to hd44780_driver.o(.text.HD44780_SendString) for [Anonymous Symbol]
    hd44780_driver.o(.text.HD44780_LoadSymbol) refers to hd44780_driver.o(.text.HD44780_Command) for HD44780_Command
    hd44780_driver.o(.text.HD44780_LoadSymbol) refers to hd44780_driver.o(.text.HD44780_Data) for HD44780_Data
    hd44780_driver.o(.ARM.exidx.text.HD44780_LoadSymbol) refers to hd44780_driver.o(.text.HD44780_LoadSymbol) for [Anonymous Symbol]
    timers.o(.ARM.exidx.text.TIM16_usDelay_Init) refers to timers.o(.text.TIM16_usDelay_Init) for [Anonymous Symbol]
    timers.o(.text.delay_us) refers to timers.o(.bss.debud_value) for debud_value
    timers.o(.text.delay_us) refers to main.o(.bss.htim16) for htim16
[...]
    [Anonymous Symbol]                       0x08001fcc   Section        0  stm32f1xx_hal_rcc.o(.text.HAL_RCC_GetPCLK1Freq)
    [Anonymous Symbol]                       0x08001ff4   Section        0  stm32f1xx_hal_rcc.o(.text.HAL_RCC_GetPCLK2Freq)
    [Anonymous Symbol]                       0x0800201c   Section        0  stm32f1xx_hal_rcc.o(.text.HAL_RCC_OscConfig)
    [Anonymous Symbol]                       0x0800234c   Section        0  stm32f1xx_hal_cortex.o(.text.HAL_SYSTICK_Config)
    [Anonymous Symbol]                       0x08002378   Section        0  stm32f1xx_hal_tim_ex.o(.text.HAL_TIMEx_BreakCallback)
    [Anonymous Symbol]                       0x0800237c   Section        0  stm32f1xx_hal_tim_ex.o(.text.HAL_TIMEx_CommutCallback)
    [Anonymous Symbol]                       0x08002380   Section        0  stm32f1xx_hal_tim_ex.o(.text.HAL_TIMEx_ConfigBreakDeadTime)
    [Anonymous Symbol]                       0x080023cc   Section        0  stm32f1xx_hal_tim_ex.o(.text.HAL_TIMEx_MasterConfigSynchronization)
    [Anonymous Symbol]                       0x08002458   Section        0  stm32f1xx_hal_tim.o(.text.HAL_TIM_Base_Init)
    [Anonymous Symbol]                       0x080024b4   Section        0  stm32f1xx_hal_msp.o(.text.HAL_TIM_Base_MspInit)
    [Anonymous Symbol]                       0x08002714   Section        0  stm32f1xx_hal_tim.o(.text.HAL_TIM_Base_Start)
    [Anonymous Symbol]                       0x08002788   Section        0  stm32f1xx_hal_tim.o(.text.HAL_TIM_Base_Start_IT)
    [Anonymous Symbol]                       0x08002804   Section        0  stm32f1xx_hal_tim.o(.text.HAL_TIM_Base_Stop)
    [Anonymous Symbol]                       0x08002830   Section        0  stm32f1xx_hal_tim.o(.text.HAL_TIM_Base_Stop_IT)
    [Anonymous Symbol]                       0x08002864   Section        0  stm32f1xx_hal_tim.o(.text.HAL_TIM_ConfigClockSource)
    [Anonymous Symbol]                       0x080029f8   Section        0  stm32f1xx_hal_tim.o(.text.HAL_TIM_ErrorCallback)
    [Anonymous Symbol]                       0x080029fc   Section        0  stm32f1xx_hal_tim.o(.text.HAL_TIM_IC_CaptureCallback)
    [Anonymous Symbol]                       0x08002a00   Section        0  stm32f1xx_hal_tim.o(.text.HAL_TIM_IRQHandler)
    [Anonymous Symbol]                       0x08002b6c   Section        0  stm32f1xx_hal_msp.o(.text.HAL_TIM_MspPostInit)
    [Anonymous Symbol]                       0x08002c8c   Section        0  stm32f1xx_hal_tim.o(.text.HAL_TIM_OC_DelayElapsedCallback)
    [Anonymous Symbol]                       0x08002c90   Section        0  stm32f1xx_hal_tim.o(.text.HAL_TIM_PWM_ConfigChannel)
    [Anonymous Symbol]                       0x08002ee4   Section        0  stm32f1xx_hal_tim.o(.text.HAL_TIM_PWM_Init)
    [Anonymous Symbol]                       0x08002f40   Section        0  stm32f1xx_hal_msp.o(.text.HAL_TIM_PWM_MspInit)
    [Anonymous Symbol]                       0x08002f74   Section        0  stm32f1xx_hal_tim.o(.text.HAL_TIM_PWM_PulseFinishedCallback)
    [Anonymous Symbol]                       0x08002f78   Section        0  stm32f1xx_hal_tim.o(.text.HAL_TIM_PWM_Start)
    [Anonymous Symbol]                       0x08003058   Section        0  stm32f1xx_hal_tim.o(.text.HAL_TIM_PWM_Start_IT)
    [Anonymous Symbol]                       0x08003154   Section        0  stm32f1xx_hal_tim.o(.text.HAL_TIM_PWM_Stop)
    [Anonymous Symbol]                       0x080031f8   Section        0  stm32f1xx_hal_tim.o(.text.HAL_TIM_PWM_Stop_IT)
    [Anonymous Symbol]                       0x080032b8   Section        0  stm32f1xx_hal_tim.o(.text.HAL_TIM_PeriodElapsedCallback)
    [Anonymous Symbol]                       0x080032bc   Section        0  stm32f1xx_hal_tim.o(.text.HAL_TIM_SlaveConfigSynchro)
    [Anonymous Symbol]                       0x08003308   Section        0  stm32f1xx_hal_tim.o(.text.HAL_TIM_TriggerCallback)
    [Anonymous Symbol]                       0x0800330c   Section        0  stm32f1xx_hal_uart.o(.text.HAL_UART_Init)
    [Anonymous Symbol]                       0x0800336c   Section        0  stm32f1xx_hal_msp.o(.text.HAL_UART_MspInit)
    [Anonymous Symbol]                       0x080033ec   Section        0  stm32f1xx_hal_uart.o(.text.HAL_UART_Transmit)
    [Anonymous Symbol]                       0x0800351c   Section        0  hd44780_driver.o(.text.HD44780_ClearLCD)
    [Anonymous Symbol]                       0x0800359c   Section        0  hd44780_driver.o(.text.HD44780_Command)
    [Anonymous Symbol]                       0x08003650   Section        0  hd44780_driver.o(.text.HD44780_Data)
    [Anonymous Symbol]                       0x08003718   Section        0  hd44780_driver.o(.text.HD44780_SendString)
    [Anonymous Symbol]                       0x0800373c   Section        0  hd44780_driver.o(.text.HD44780_SetPos)
    [Anonymous Symbol]                       0x08003760   Section        0  stm32f1xx_it.o(.text.HardFault_Handler)
    [Anonymous Symbol]                       0x08003764   Section        0  stm32f1xx_ll_gpio.o(.text.LL_GPIO_Init)
    [Anonymous Symbol]                       0x08003820   Section        0  stm32f1xx_it.o(.text.MemManage_Handler)
    [Anonymous Symbol]                       0x08003824   Section        0  stm32f1xx_it.o(.text.NMI_Handler)
    [Anonymous Symbol]                       0x08003828   Section        0  stm32f1xx_it.o(.text.PendSV_Handler)
    [Anonymous Symbol]                       0x0800382c   Section        0  stm32f1xx_it.o(.text.SVC_Handler)
    [Anonymous Symbol]                       0x08003830   Section        0  stm32f1xx_it.o(.text.SysTick_Handler)
    [Anonymous Symbol]                       0x08003834   Section        0  main.o(.text.SystemClock_Config)
    [Anonymous Symbol]                       0x080038bc   Section        0  system_stm32f1xx.o(.text.SystemInit)
    [Anonymous Symbol]                       0x080038c0   Section        0  timers.o(.text.TIM16_usDelay_Init)
    [Anonymous Symbol]                       0x080038c4   Section        0  stm32f1xx_it.o(.text.TIM1_TRG_COM_TIM17_IRQHandler)
    [Anonymous Symbol]                       0x080039cc   Section        0  stm32f1xx_it.o(.text.TIM1_UP_TIM16_IRQHandler)
    [Anonymous Symbol]                       0x08003b0c   Section        0  stm32f1xx_it.o(.text.TIM4_IRQHandler)
    [Anonymous Symbol]                       0x08003b34   Section        0  stm32f1xx_it.o(.text.TIM6_DAC_IRQHandler)
    [Anonymous Symbol]                       0x08003c20   Section        0  stm32f1xx_it.o(.text.TIM7_IRQHandler)
    [Anonymous Symbol]                       0x08004250   Section        0  stm32f1xx_hal_tim.o(.text.TIM_Base_SetConfig)
    [Anonymous Symbol]                       0x08004334   Section        0  stm32f1xx_hal_tim.o(.text.TIM_CCxChannelCmd)
    [Anonymous Symbol]                       0x08004358   Section        0  stm32f1xx_hal_tim.o(.text.TIM_DMAError)
    TIM_SlaveTimer_SetConfig                 0x080043b5   Thumb Code   194  stm32f1xx_hal_tim.o(.text.TIM_SlaveTimer_SetConfig)
    [Anonymous Symbol]                       0x080043b4   Section        0  stm32f1xx_hal_tim.o(.text.TIM_SlaveTimer_SetConfig)
    UART_SetConfig                           0x08004479   Thumb Code   226  stm32f1xx_hal_uart.o(.text.UART_SetConfig)
    [Anonymous Symbol]                       0x08004478   Section        0  stm32f1xx_hal_uart.o(.text.UART_SetConfig)
    [Anonymous Symbol]                       0x0800455c   Section        0  stm32f1xx_it.o(.text.UsageFault_Handler)
    [Anonymous Symbol]                       0x08004560   Section        0  main.o(.text.config_speed)
    [Anonymous Symbol]                       0x080045a8   Section        0  timers.o(.text.delay_us)
    [Anonymous Symbol]                       0x080045fc   Section        0  main.o(.text.main)
    [Anonymous Symbol]                       0x08004e84   Section        0  main.o(.text.nema_start)
    [Anonymous Symbol]                       0x08004e94   Section        0  main.o(.text.nema_start_part)
    [Anonymous Symbol]                       0x08004ebc   Section        0  stm32f1xx_it.o(.text.read_callback_sensor)
    [Anonymous Symbol]                       0x08004f44   Section        0  stm32f1xx_it.o(.text.scan_keyb)
    i._is_digit                              0x08005518   Section        0  __printf_wp.o(i._is_digit)
    locale$$code                             0x08005528   Section       44  lc_ctype_c.o(locale$$code)
    x$fpl$dfix                               0x08005554   Section       94  dfix.o(x$fpl$dfix)
    x$fpl$dfltu                              0x080055b2   Section       38  dflt_clz.o(x$fpl$dfltu)
    x$fpl$dmul                               0x080055d8   Section      340  dmul.o(x$fpl$dmul)
    x$fpl$dnaninf                            0x0800572c   Section      156  dnaninf.o(x$fpl$dnaninf)
    x$fpl$dretinf                            0x080057c8   Section       12  dretinf.o(x$fpl$dretinf)
    maptable                                 0x080057d4   Data          17  __printf_flags_wp.o(.constdata)
    .constdata                               0x080057d4   Section       17  __printf_flags_wp.o(.constdata)
    x$fpl$usenofp                            0x080057d4   Section        0  usenofp.o(x$fpl$usenofp)
    .L__const.HAL_RCC_GetSysClockFreq.aPLLMULFactorTable 0x080057fd   Data          16  stm32f1xx_hal_rcc.o(.rodata.cst16)
    .L__const.HAL_RCC_GetSysClockFreq.aPredivFactorTable 0x0800580d   Data          16  stm32f1xx_hal_rcc.o(.rodata.cst16)
    .Lswitch.table.HAL_TIM_IC_Start_IT       0x08005820   Data          16  stm32f1xx_hal_tim.o(.rodata.cst16)
    .Lswitch.table.HAL_TIM_IC_Stop_IT        0x08005830   Data          16  stm32f1xx_hal_tim.o(.rodata.cst16)
    .L.str                                   0x08005840   Data           3  ba63.o(.rodata.str1.1)
    [Anonymous Symbol]                       0x08005840   Section        0  ba63.o(.rodata.str1.1)
    .L.str.3                                 0x08005843   Data           5  stm32f1xx_it.o(.rodata.str1.1)
    [Anonymous Symbol]                       0x08005843   Section        0  stm32f1xx_it.o(.rodata.str1.1)
    .L.str.1                                 0x08005848   Data           5  stm32f1xx_it.o(.rodata.str1.1)
    locale$$data                             0x08005870   Section      272  lc_ctype_c.o(locale$$data)
    __lcctype_c_name                         0x08005874   Data           2  lc_ctype_c.o(locale$$data)
    __lcctype_c_start                        0x0800587c   Data           0  lc_ctype_c.o(locale$$data)
    __lcctype_c_end                          0x08005980   Data           0  lc_ctype_c.o(locale$$data)
    .bss                                     0x200001c8   Section       96  libspace.o(.bss)
    TIM1_UP_TIM16_IRQHandler.framChar        0x20000355   Data           6  stm32f1xx_it.o(.bss.TIM1_UP_TIM16_IRQHandler.framChar)
    [Anonymous Symbol]                       0x20000355   Section        0  stm32f1xx_it.o(.bss.TIM1_UP_TIM16_IRQHandler.framChar)
    blueLevel                                0x200003b6   Data           4  stm32f1xx_it.o(.bss.blueLevel)
    [Anonymous Symbol]                       0x200003b6   Section        0  stm32f1xx_it.o(.bss.blueLevel)
    greenLevel                               0x200003e2   Data           4  stm32f1xx_it.o(.bss.greenLevel)
    [Anonymous Symbol]                       0x200003e2   Section        0  stm32f1xx_it.o(.bss.greenLevel)
    redLevel                                 0x2000072a   Data           4  stm32f1xx_it.o(.bss.redLevel)
    [Anonymous Symbol]                       0x2000072a   Section        0  stm32f1xx_it.o(.bss.redLevel)
    Heap_Mem                                 0x20000758   Data         512  startup_stm32f100xb.o(HEAP)
    HEAP                                     0x20000758   Section      512  startup_stm32f100xb.o(HEAP)
    Stack_Mem                                0x20000958   Data        1024  startup_stm32f100xb.o(STACK)
    STACK                                    0x20000958   Section     1024  startup_stm32f100xb.o(STACK)
    __initial_sp                             0x20000d58   Data           0  startup_stm32f100xb.o(STACK)

    Global Symbols

    Symbol Name                              Value     Ov Type        Size  Object(Section)

    BuildAttributes$$THM_ISAv4$P$D$K$B$S$PE$A:L22UL41UL21$X:L11$S22US41US21$IEEE1$IW$~IW$USESV6$~STKCKD$USESV7$~SHL$OTIME$ROPI$IEEEJ$EBA8$UX$STANDARDLIB$REQ8$PRES8$EABIv2 0x00000000   Number         0  anon$$obj.o ABSOLUTE
    __fp_init_empty                          0x00000000   Number         0  fpinit_empty.o ABSOLUTE
    _printf_flags                            0x00000000   Number         0  printf_stubs.o ABSOLUTE
    _printf_return_value                     0x00000000   Number         0  printf_stubs.o ABSOLUTE
    _printf_sizespec                         0x00000000   Number         0  printf_stubs.o ABSOLUTE
    _printf_widthprec                        0x00000000   Number         0  printf_stubs.o ABSOLUTE
    __ARM_exceptions_init                     - Undefined Weak Reference
    __alloca_initialize                       - Undefined Weak Reference
    __arm_preinit_                            - Undefined Weak Reference
    __arm_relocate_pie_                       - Undefined Weak Reference
    __cpp_initialize__aeabi_                  - Undefined Weak Reference
    __cxa_finalize                            - Undefined Weak Reference
    __decompress                              - Undefined Weak Reference
    __sigvec_lookup                           - Undefined Weak Reference
    _atexit_init                              - Undefined Weak Reference
    _call_atexit_fns                          - Undefined Weak Reference
    _clock_init                               - Undefined Weak Reference
    _fp_trap_init                             - Undefined Weak Reference
    _fp_trap_shutdown                         - Undefined Weak Reference
    _get_lc_collate                           - Undefined Weak Reference
    _get_lc_monetary                          - Undefined Weak Reference
    _get_lc_numeric                           - Undefined Weak Reference
    _get_lc_time                              - Undefined Weak Reference
    _getenv_init                              - Undefined Weak Reference
    _handle_redirection                       - Undefined Weak Reference
    _init_alloc                               - Undefined Weak Reference
    _init_user_alloc                          - Undefined Weak Reference
    _initio                                   - Undefined Weak Reference
    _printf_truncate_signed                   - Undefined Weak Reference
    _printf_truncate_unsigned                 - Undefined Weak Reference
    _rand_init                                - Undefined Weak Reference
    _signal_finish                            - Undefined Weak Reference
    _signal_init                              - Undefined Weak Reference
    _terminate_alloc                          - Undefined Weak Reference
    _terminate_user_alloc                     - Undefined Weak Reference
    _terminateio                              - Undefined Weak Reference
    __Vectors_Size                           0x00000120   Number         0  startup_stm32f100xb.o ABSOLUTE
    __Vectors                                0x08000000   Data           4  startup_stm32f100xb.o(RESET)
    __Vectors_End                            0x08000120   Data           0  startup_stm32f100xb.o(RESET)
    __main                                   0x08000121   Thumb Code     8  __main.o(!!!main)
    __scatterload                            0x08000129   Thumb Code     0  __scatter.o(!!!scatter)
    __scatterload_rt2                        0x08000129   Thumb Code    44  __scatter.o(!!!scatter)
    __scatterload_rt2_thumb_only             0x08000129   Thumb Code     0  __scatter.o(!!!scatter)
    __scatterload_null                       0x08000137   Thumb Code     0  __scatter.o(!!!scatter)
    __scatterload_copy                       0x0800015d   Thumb Code    26  __scatter_copy.o(!!handler_copy)
    __scatterload_zeroinit                   0x08000179   Thumb Code    28  __scatter_zi.o(!!handler_zi)
    _printf_d                                0x08000195   Thumb Code     0  _printf_d.o(.ARM.Collect$$_printf_percent$$00000009)
    _printf_percent                          0x08000195   Thumb Code     0  _printf_percent.o(.ARM.Collect$$_printf_percent$$00000000)
    _printf_percent_end                      0x0800019b   Thumb Code     0  _printf_percent_end.o(.ARM.Collect$$_printf_percent$$00000017)
    __rt_lib_init                            0x0800019f   Thumb Code     0  libinit.o(.ARM.Collect$$libinit$$00000000)
    __rt_lib_init_fp_1                       0x080001a1   Thumb Code     0  libinit2.o(.ARM.Collect$$libinit$$00000002)
    __rt_lib_init_heap_1                     0x080001a1   Thumb Code     0  libinit2.o(.ARM.Collect$$libinit$$0000000C)
    __rt_lib_init_lc_common                  0x080001a1   Thumb Code     0  libinit2.o(.ARM.Collect$$libinit$$00000011)
    __rt_lib_init_preinit_1                  0x080001a1   Thumb Code     0  libinit2.o(.ARM.Collect$$libinit$$00000006)
    __rt_lib_init_rand_1                     0x080001a1   Thumb Code     0  libinit2.o(.ARM.Collect$$libinit$$00000010)
    __rt_lib_init_relocate_pie_1             0x080001a1   Thumb Code     0  libinit2.o(.ARM.Collect$$libinit$$00000004)
    __rt_lib_init_user_alloc_1               0x080001a1   Thumb Code     0  libinit2.o(.ARM.Collect$$libinit$$0000000E)
    __rt_lib_init_lc_collate_1               0x080001a7   Thumb Code     0  libinit2.o(.ARM.Collect$$libinit$$00000013)
    __rt_lib_init_lc_ctype_2                 0x080001a7   Thumb Code     0  libinit2.o(.ARM.Collect$$libinit$$00000014)
    __rt_lib_init_alloca_1                   0x080001b3   Thumb Code     0  libinit2.o(.ARM.Collect$$libinit$$00000030)
    __rt_lib_init_argv_1                     0x080001b3   Thumb Code     0  libinit2.o(.ARM.Collect$$libinit$$0000002E)
    __rt_lib_init_atexit_1                   0x080001b3   Thumb Code     0  libinit2.o(.ARM.Collect$$libinit$$0000001D)
    __rt_lib_init_clock_1                    0x080001b3   Thumb Code     0  libinit2.o(.ARM.Collect$$libinit$$00000023)
    __rt_lib_init_cpp_1                      0x080001b3   Thumb Code     0  libinit2.o(.ARM.Collect$$libinit$$00000034)
    __rt_lib_init_exceptions_1               0x080001b3   Thumb Code     0  libinit2.o(.ARM.Collect$$libinit$$00000032)
    __rt_lib_init_fp_trap_1                  0x080001b3   Thumb Code     0  libinit2.o(.ARM.Collect$$libinit$$00000021)
    __rt_lib_init_getenv_1                   0x080001b3   Thumb Code     0  libinit2.o(.ARM.Collect$$libinit$$00000025)
    __rt_lib_init_lc_ctype_1                 0x080001b3   Thumb Code     0  libinit2.o(.ARM.Collect$$libinit$$00000015)
    __rt_lib_init_lc_monetary_1              0x080001b3   Thumb Code     0  libinit2.o(.ARM.Collect$$libinit$$00000017)
    __rt_lib_init_lc_numeric_1               0x080001b3   Thumb Code     0  libinit2.o(.ARM.Collect$$libinit$$00000019)
    __rt_lib_init_lc_time_1                  0x080001b3   Thumb Code     0  libinit2.o(.ARM.Collect$$libinit$$0000001B)
    __rt_lib_init_return                     0x080001b3   Thumb Code     0  libinit2.o(.ARM.Collect$$libinit$$00000035)
    __rt_lib_init_signal_1                   0x080001b3   Thumb Code     0  libinit2.o(.ARM.Collect$$libinit$$0000001F)
    __rt_lib_init_stdio_1                    0x080001b3   Thumb Code     0  libinit2.o(.ARM.Collect$$libinit$$00000027)
    __rt_lib_shutdown                        0x080001b5   Thumb Code     0  libshutdown.o(.ARM.Collect$$libshutdown$$00000000)
    __rt_lib_shutdown_cpp_1                  0x080001b7   Thumb Code     0  libshutdown2.o(.ARM.Collect$$libshutdown$$00000002)
    __rt_lib_shutdown_fp_trap_1              0x080001b7   Thumb Code     0  libshutdown2.o(.ARM.Collect$$libshutdown$$00000007)
    __rt_lib_shutdown_heap_1                 0x080001b7   Thumb Code     0  libshutdown2.o(.ARM.Collect$$libshutdown$$0000000F)
    __rt_lib_shutdown_return                 0x080001b7   Thumb Code     0  libshutdown2.o(.ARM.Collect$$libshutdown$$00000010)
    __rt_lib_shutdown_signal_1               0x080001b7   Thumb Code     0  libshutdown2.o(.ARM.Collect$$libshutdown$$0000000A)
    __rt_lib_shutdown_stdio_1                0x080001b7   Thumb Code     0  libshutdown2.o(.ARM.Collect$$libshutdown$$00000004)
    __rt_lib_shutdown_user_alloc_1           0x080001b7   Thumb Code     0  libshutdown2.o(.ARM.Collect$$libshutdown$$0000000C)
    __rt_entry                               0x080001b9   Thumb Code     0  __rtentry.o(.ARM.Collect$$rtentry$$00000000)
    __rt_entry_presh_1                       0x080001b9   Thumb Code     0  __rtentry2.o(.ARM.Collect$$rtentry$$00000002)
    __rt_entry_sh                            0x080001b9   Thumb Code     0  __rtentry4.o(.ARM.Collect$$rtentry$$00000004)
    __rt_entry_li                            0x080001bf   Thumb Code     0  __rtentry2.o(.ARM.Collect$$rtentry$$0000000A)
    __rt_entry_postsh_1                      0x080001bf   Thumb Code     0  __rtentry2.o(.ARM.Collect$$rtentry$$00000009)
    __rt_entry_main                          0x080001c3   Thumb Code     0  __rtentry2.o(.ARM.Collect$$rtentry$$0000000D)
    __rt_entry_postli_1                      0x080001c3   Thumb Code     0  __rtentry2.o(.ARM.Collect$$rtentry$$0000000C)
    __rt_exit                                0x080001cb   Thumb Code     0  rtexit.o(.ARM.Collect$$rtexit$$00000000)
    __rt_exit_ls                             0x080001cd   Thumb Code     0  rtexit2.o(.ARM.Collect$$rtexit$$00000003)
    __rt_exit_prels_1                        0x080001cd   Thumb Code     0  rtexit2.o(.ARM.Collect$$rtexit$$00000002)
    __rt_exit_exit                           0x080001d1   Thumb Code     0  rtexit2.o(.ARM.Collect$$rtexit$$00000004)
    Reset_Handler                            0x080001d9   Thumb Code     8  startup_stm32f100xb.o(.text)
    ADC1_IRQHandler                          0x080001f3   Thumb Code     0  startup_stm32f100xb.o(.text)
    CEC_IRQHandler                           0x080001f3   Thumb Code     0  startup_stm32f100xb.o(.text)
    DMA1_Channel1_IRQHandler                 0x080001f3   Thumb Code     0  startup_stm32f100xb.o(.text)
    DMA1_Channel2_IRQHandler                 0x080001f3   Thumb Code     0  startup_stm32f100xb.o(.text)
    DMA1_Channel3_IRQHandler                 0x080001f3   Thumb Code     0  startup_stm32f100xb.o(.text)
    DMA1_Channel4_IRQHandler                 0x080001f3   Thumb Code     0  startup_stm32f100xb.o(.text)
    DMA1_Channel5_IRQHandler                 0x080001f3   Thumb Code     0  startup_stm32f100xb.o(.text)
    DMA1_Channel6_IRQHandler                 0x080001f3   Thumb Code     0  startup_stm32f100xb.o(.text)
    EXTI0_IRQHandler                         0x080001f3   Thumb Code     0  startup_stm32f100xb.o(.text)
    EXTI15_10_IRQHandler                     0x080001f3   Thumb Code     0  startup_stm32f100xb.o(.text)
    EXTI1_IRQHandler                         0x080001f3   Thumb Code     0  startup_stm32f100xb.o(.text)
    EXTI2_IRQHandler                         0x080001f3   Thumb Code     0  startup_stm32f100xb.o(.text)
    EXTI3_IRQHandler                         0x080001f3   Thumb Code     0  startup_stm32f100xb.o(.text)
    EXTI4_IRQHandler                         0x080001f3   Thumb Code     0  startup_stm32f100xb.o(.text)
    EXTI9_5_IRQHandler                       0x080001f3   Thumb Code     0  startup_stm32f100xb.o(.text)
    FLASH_IRQHandler                         0x080001f3   Thumb Code     0  startup_stm32f100xb.o(.text)
    I2C1_ER_IRQHandler                       0x080001f3   Thumb Code     0  startup_stm32f100xb.o(.text)
    I2C1_EV_IRQHandler                       0x080001f3   Thumb Code     0  startup_stm32f100xb.o(.text)
    I2C2_ER_IRQHandler                       0x080001f3   Thumb Code     0  startup_stm32f100xb.o(.text)
    I2C2_EV_IRQHandler                       0x080001f3   Thumb Code     0  startup_stm32f100xb.o(.text)
    PVD_IRQHandler                           0x080001f3   Thumb Code     0  startup_stm32f100xb.o(.text)
    RCC_IRQHandler                           0x080001f3   Thumb Code     0  startup_stm32f100xb.o(.text)
    RTC_Alarm_IRQHandler                     0x080001f3   Thumb Code     0  startup_stm32f100xb.o(.text)
    RTC_IRQHandler                           0x080001f3   Thumb Code     0  startup_stm32f100xb.o(.text)
    SPI1_IRQHandler                          0x080001f3   Thumb Code     0  startup_stm32f100xb.o(.text)
    SPI2_IRQHandler                          0x080001f3   Thumb Code     0  startup_stm32f100xb.o(.text)
    TAMPER_IRQHandler                        0x080001f3   Thumb Code     0  startup_stm32f100xb.o(.text)
    TIM1_BRK_TIM15_IRQHandler                0x080001f3   Thumb Code     0  startup_stm32f100xb.o(.text)
    TIM1_CC_IRQHandler                       0x080001f3   Thumb Code     0  startup_stm32f100xb.o(.text)
    TIM2_IRQHandler                          0x080001f3   Thumb Code     0  startup_stm32f100xb.o(.text)
    TIM3_IRQHandler                          0x080001f3   Thumb Code     0  startup_stm32f100xb.o(.text)
    USART1_IRQHandler                        0x080001f3   Thumb Code     0  startup_stm32f100xb.o(.text)
    USART2_IRQHandler                        0x080001f3   Thumb Code     0  startup_stm32f100xb.o(.text)
    USART3_IRQHandler                        0x080001f3   Thumb Code     0  startup_stm32f100xb.o(.text)
    WWDG_IRQHandler                          0x080001f3   Thumb Code     0  startup_stm32f100xb.o(.text)
    __user_initial_stackheap                 0x080001f5   Thumb Code     0  startup_stm32f100xb.o(.text)
    __2sprintf                               0x08000219   Thumb Code    34  noretval__2sprintf.o(.text)
    _printf_pre_padding                      0x08000241   Thumb Code    44  _printf_pad.o(.text)
    _printf_post_padding                     0x0800026d   Thumb Code    34  _printf_pad.o(.text)
    _printf_int_dec                          0x08000291   Thumb Code   104  _printf_dec.o(.text)
    __printf                                 0x08000309   Thumb Code   308  __printf_flags_wp.o(.text)
    atoi                                     0x08000441   Thumb Code    26  atoi.o(.text)
    strcpy                                   0x0800045b   Thumb Code    72  strcpy.o(.text)
    __aeabi_memset                           0x080004a3   Thumb Code    16  aeabi_memset.o(.text)
    __aeabi_memclr4                          0x080004b3   Thumb Code     0  rt_memclr_w.o(.text)
    __aeabi_memclr8                          0x080004b3   Thumb Code     0  rt_memclr_w.o(.text)
    __rt_memclr_w                            0x080004b3   Thumb Code     0  rt_memclr_w.o(.text)
    _memset_w                                0x080004b7   Thumb Code    74  rt_memclr_w.o(.text)
    strncpy                                  0x08000501   Thumb Code    86  strncpy.o(.text)
    __use_two_region_memory                  0x08000557   Thumb Code     2  heapauxi.o(.text)
    __rt_heap_escrow$2region                 0x08000559   Thumb Code     2  heapauxi.o(.text)
    __rt_heap_expand$2region                 0x0800055b   Thumb Code     2  heapauxi.o(.text)
    __aeabi_errno_addr                       0x0800055d   Thumb Code     8  rt_errno_addr_intlibspace.o(.text)
    __errno$intlibspace                      0x0800055d   Thumb Code     0  rt_errno_addr_intlibspace.o(.text)
    __rt_errno_addr$intlibspace              0x0800055d   Thumb Code     0  rt_errno_addr_intlibspace.o(.text)
    _printf_int_common                       0x08000565   Thumb Code   178  _printf_intcommon.o(.text)
    _printf_char_common                      0x08000623   Thumb Code    32  _printf_char_common.o(.text)
    _sputc                                   0x08000649   Thumb Code    10  _sputc.o(.text)
    strtol                                   0x08000653   Thumb Code   112  strtol.o(.text)
    __aeabi_memclr                           0x080006c3   Thumb Code     0  rt_memclr.o(.text)
    __rt_memclr                              0x080006c3   Thumb Code     0  rt_memclr.o(.text)
    _memset                                  0x080006c7   Thumb Code    64  rt_memclr.o(.text)
    __user_libspace                          0x08000709   Thumb Code     8  libspace.o(.text)
    __user_perproc_libspace                  0x08000709   Thumb Code     0  libspace.o(.text)
    __user_perthread_libspace                0x08000709   Thumb Code     0  libspace.o(.text)
    __rt_ctype_table                         0x08000711   Thumb Code    16  rt_ctype_table.o(.text)
    _strtoul                                 0x08000721   Thumb Code   158  _strtoul.o(.text)
    __user_setup_stackheap                   0x080007bf   Thumb Code    74  sys_stackheap_outer.o(.text)
    __rt_locale                              0x08000809   Thumb Code     8  rt_locale_intlibspace.o(.text)
    _chval                                   0x08000811   Thumb Code    28  _chval.o(.text)
    exit                                     0x0800082d   Thumb Code    18  exit.o(.text)
    strcmp                                   0x08000841   Thumb Code   128  strcmpv7m.o(.text)
    _sys_exit                                0x080008c1   Thumb Code     8  sys_exit.o(.text)
    __I$use$semihosting                      0x080008cd   Thumb Code     0  use_no_semi.o(.text)
    __use_no_semihosting_swi                 0x080008cd   Thumb Code     2  use_no_semi.o(.text)
    __semihosting_library_function           0x080008cf   Thumb Code     0  indicate_semi.o(.text)
    ADC_Enable                               0x080008d1   Thumb Code   146  stm32f1xx_hal_adc.o(.text.ADC_Enable)
    ARGB_FillRGB                             0x08000965   Thumb Code   146  argb.o(.text.ARGB_FillRGB)
    ARGB_Init                                0x080009f9   Thumb Code   192  argb.o(.text.ARGB_Init)
    ARGB_Show                                0x08000ab9   Thumb Code   526  argb.o(.text.ARGB_Show)
    BA63_ClearVFD                            0x08000fc5   Thumb Code    26  ba63.o(.text.BA63_ClearVFD)
    BA63_SendString                          0x08000fe1   Thumb Code    78  ba63.o(.text.BA63_SendString)
    BA63_SetCP                               0x08001031   Thumb Code    48  ba63.o(.text.BA63_SetCP)
    BA63_SetPos                              0x08001061   Thumb Code    90  ba63.o(.text.BA63_SetPos)
    BusFault_Handler                         0x080010bd   Thumb Code     2  stm32f1xx_it.o(.text.BusFault_Handler)
    DMA1_Channel7_IRQHandler                 0x080010c1   Thumb Code    12  stm32f1xx_it.o(.text.DMA1_Channel7_IRQHandler)
    DebugMon_Handler                         0x080010cd   Thumb Code     2  stm32f1xx_it.o(.text.DebugMon_Handler)
    Error_Handler                            0x080010d1   Thumb Code    10  main.o(.text.Error_Handler)
    HAL_ADC_ConfigChannel                    0x080010dd   Thumb Code   270  stm32f1xx_hal_adc.o(.text.HAL_ADC_ConfigChannel)
    HAL_ADC_GetValue                         0x080011ed   Thumb Code     6  stm32f1xx_hal_adc.o(.text.HAL_ADC_GetValue)
    HAL_ADC_Init                             0x080011f5   Thumb Code   348  stm32f1xx_hal_adc.o(.text.HAL_ADC_Init)
    HAL_ADC_MspInit                          0x08001351   Thumb Code   102  stm32f1xx_hal_msp.o(.text.HAL_ADC_MspInit)
    HAL_ADC_PollForConversion                0x080013b9   Thumb Code   396  stm32f1xx_hal_adc.o(.text.HAL_ADC_PollForConversion)
    HAL_ADC_Start                            0x08001545   Thumb Code   134  stm32f1xx_hal_adc.o(.text.HAL_ADC_Start)
    HAL_ADC_Stop                             0x080015cd   Thumb Code   140  stm32f1xx_hal_adc.o(.text.HAL_ADC_Stop)
    HAL_DMA_Abort_IT                         0x08001659   Thumb Code   164  stm32f1xx_hal_dma.o(.text.HAL_DMA_Abort_IT)
    HAL_DMA_IRQHandler                       0x080016fd   Thumb Code   364  stm32f1xx_hal_dma.o(.text.HAL_DMA_IRQHandler)
    HAL_DMA_Init                             0x08001869   Thumb Code   118  stm32f1xx_hal_dma.o(.text.HAL_DMA_Init)
    HAL_DMA_Start_IT                         0x080018e1   Thumb Code   152  stm32f1xx_hal_dma.o(.text.HAL_DMA_Start_IT)
    HAL_Delay                                0x08001979   Thumb Code    40  stm32f1xx_hal.o(.text.HAL_Delay)
    HAL_GPIO_Init                            0x080019a1   Thumb Code   516  stm32f1xx_hal_gpio.o(.text.HAL_GPIO_Init)
    HAL_GPIO_WritePin                        0x08001ba5   Thumb Code    10  stm32f1xx_hal_gpio.o(.text.HAL_GPIO_WritePin)
    HAL_GetTick                              0x08001bb1   Thumb Code    12  stm32f1xx_hal.o(.text.HAL_GetTick)
    HAL_IncTick                              0x08001bbd   Thumb Code    26  stm32f1xx_hal.o(.text.HAL_IncTick)
    HAL_Init                                 0x08001bd9   Thumb Code    22  stm32f1xx_hal.o(.text.HAL_Init)
    HAL_InitTick                             0x08001bf1   Thumb Code    80  stm32f1xx_hal.o(.text.HAL_InitTick)
    HAL_MspInit                              0x08001c41   Thumb Code    66  stm32f1xx_hal_msp.o(.text.HAL_MspInit)
    HAL_NVIC_EnableIRQ                       0x08001c85   Thumb Code    32  stm32f1xx_hal_cortex.o(.text.HAL_NVIC_EnableIRQ)
    HAL_NVIC_SetPriority                     0x08001ca5   Thumb Code    86  stm32f1xx_hal_cortex.o(.text.HAL_NVIC_SetPriority)
    HAL_NVIC_SetPriorityGrouping             0x08001cfd   Thumb Code    32  stm32f1xx_hal_cortex.o(.text.HAL_NVIC_SetPriorityGrouping)
    HAL_RCCEx_GetPeriphCLKFreq               0x08001d1d   Thumb Code   124  stm32f1xx_hal_rcc_ex.o(.text.HAL_RCCEx_GetPeriphCLKFreq)
    HAL_RCCEx_PeriphCLKConfig                0x08001d99   Thumb Code   250  stm32f1xx_hal_rcc_ex.o(.text.HAL_RCCEx_PeriphCLKConfig)
    HAL_RCC_ClockConfig                      0x08001e95   Thumb Code   312  stm32f1xx_hal_rcc.o(.text.HAL_RCC_ClockConfig)
    HAL_RCC_GetPCLK1Freq                     0x08001fcd   Thumb Code    38  stm32f1xx_hal_rcc.o(.text.HAL_RCC_GetPCLK1Freq)
    HAL_RCC_GetPCLK2Freq                     0x08001ff5   Thumb Code    38  stm32f1xx_hal_rcc.o(.text.HAL_RCC_GetPCLK2Freq)
    HAL_RCC_OscConfig                        0x0800201d   Thumb Code   816  stm32f1xx_hal_rcc.o(.text.HAL_RCC_OscConfig)
    HAL_SYSTICK_Config                       0x0800234d   Thumb Code    44  stm32f1xx_hal_cortex.o(.text.HAL_SYSTICK_Config)
    HAL_TIMEx_BreakCallback                  0x08002379   Thumb Code     2  stm32f1xx_hal_tim_ex.o(.text.HAL_TIMEx_BreakCallback)
    HAL_TIMEx_CommutCallback                 0x0800237d   Thumb Code     2  stm32f1xx_hal_tim_ex.o(.text.HAL_TIMEx_CommutCallback)
    HAL_TIMEx_ConfigBreakDeadTime            0x08002381   Thumb Code    76  stm32f1xx_hal_tim_ex.o(.text.HAL_TIMEx_ConfigBreakDeadTime)
    HAL_TIMEx_MasterConfigSynchronization    0x080023cd   Thumb Code   138  stm32f1xx_hal_tim_ex.o(.text.HAL_TIMEx_MasterConfigSynchronization)
    HAL_TIM_Base_Init                        0x08002459   Thumb Code    90  stm32f1xx_hal_tim.o(.text.HAL_TIM_Base_Init)
    HAL_TIM_Base_MspInit                     0x080024b5   Thumb Code   608  stm32f1xx_hal_msp.o(.text.HAL_TIM_Base_MspInit)
    HAL_TIM_Base_Start                       0x08002715   Thumb Code   114  stm32f1xx_hal_tim.o(.text.HAL_TIM_Base_Start)
    HAL_TIM_Base_Start_IT                    0x08002789   Thumb Code   122  stm32f1xx_hal_tim.o(.text.HAL_TIM_Base_Start_IT)
    HAL_TIM_Base_Stop                        0x08002805   Thumb Code    42  stm32f1xx_hal_tim.o(.text.HAL_TIM_Base_Stop)
    HAL_TIM_Base_Stop_IT                     0x08002831   Thumb Code    50  stm32f1xx_hal_tim.o(.text.HAL_TIM_Base_Stop_IT)
    HAL_TIM_ConfigClockSource                0x08002865   Thumb Code   404  stm32f1xx_hal_tim.o(.text.HAL_TIM_ConfigClockSource)
    HAL_TIM_ErrorCallback                    0x080029f9   Thumb Code     2  stm32f1xx_hal_tim.o(.text.HAL_TIM_ErrorCallback)
    HAL_TIM_IC_CaptureCallback               0x080029fd   Thumb Code     2  stm32f1xx_hal_tim.o(.text.HAL_TIM_IC_CaptureCallback)
    HAL_TIM_IRQHandler                       0x08002a01   Thumb Code   362  stm32f1xx_hal_tim.o(.text.HAL_TIM_IRQHandler)
    HAL_TIM_MspPostInit                      0x08002b6d   Thumb Code   286  stm32f1xx_hal_msp.o(.text.HAL_TIM_MspPostInit)
    HAL_TIM_OC_DelayElapsedCallback          0x08002c8d   Thumb Code     2  stm32f1xx_hal_tim.o(.text.HAL_TIM_OC_DelayElapsedCallback)
    HAL_TIM_PWM_ConfigChannel                0x08002c91   Thumb Code   596  stm32f1xx_hal_tim.o(.text.HAL_TIM_PWM_ConfigChannel)
    HAL_TIM_PWM_Init                         0x08002ee5   Thumb Code    90  stm32f1xx_hal_tim.o(.text.HAL_TIM_PWM_Init)
    HAL_TIM_PWM_MspInit                      0x08002f41   Thumb Code    50  stm32f1xx_hal_msp.o(.text.HAL_TIM_PWM_MspInit)
    HAL_TIM_PWM_PulseFinishedCallback        0x08002f75   Thumb Code     2  stm32f1xx_hal_tim.o(.text.HAL_TIM_PWM_PulseFinishedCallback)
    HAL_TIM_PWM_Start                        0x08002f79   Thumb Code   222  stm32f1xx_hal_tim.o(.text.HAL_TIM_PWM_Start)
    HAL_TIM_PWM_Start_IT                     0x08003059   Thumb Code   252  stm32f1xx_hal_tim.o(.text.HAL_TIM_PWM_Start_IT)
    HAL_TIM_PWM_Stop                         0x08003155   Thumb Code   162  stm32f1xx_hal_tim.o(.text.HAL_TIM_PWM_Stop)
    HAL_TIM_PWM_Stop_IT                      0x080031f9   Thumb Code   192  stm32f1xx_hal_tim.o(.text.HAL_TIM_PWM_Stop_IT)
    HAL_TIM_PeriodElapsedCallback            0x080032b9   Thumb Code     2  stm32f1xx_hal_tim.o(.text.HAL_TIM_PeriodElapsedCallback)
    HAL_TIM_SlaveConfigSynchro               0x080032bd   Thumb Code    74  stm32f1xx_hal_tim.o(.text.HAL_TIM_SlaveConfigSynchro)
    HAL_TIM_TriggerCallback                  0x08003309   Thumb Code     2  stm32f1xx_hal_tim.o(.text.HAL_TIM_TriggerCallback)
    HAL_UART_Init                            0x0800330d   Thumb Code    94  stm32f1xx_hal_uart.o(.text.HAL_UART_Init)
    HAL_UART_MspInit                         0x0800336d   Thumb Code   126  stm32f1xx_hal_msp.o(.text.HAL_UART_MspInit)
    HAL_UART_Transmit                        0x080033ed   Thumb Code   302  stm32f1xx_hal_uart.o(.text.HAL_UART_Transmit)
    HD44780_ClearLCD                         0x0800351d   Thumb Code   126  hd44780_driver.o(.text.HD44780_ClearLCD)
    HD44780_Command                          0x0800359d   Thumb Code   178  hd44780_driver.o(.text.HD44780_Command)
    HD44780_Data                             0x08003651   Thumb Code   198  hd44780_driver.o(.text.HD44780_Data)
    HD44780_SendString                       0x08003719   Thumb Code    34  hd44780_driver.o(.text.HD44780_SendString)
    HD44780_SetPos                           0x0800373d   Thumb Code    34  hd44780_driver.o(.text.HD44780_SetPos)
    HardFault_Handler                        0x08003761   Thumb Code     2  stm32f1xx_it.o(.text.HardFault_Handler)
    LL_GPIO_Init                             0x08003765   Thumb Code   188  stm32f1xx_ll_gpio.o(.text.LL_GPIO_Init)
    MemManage_Handler                        0x08003821   Thumb Code     2  stm32f1xx_it.o(.text.MemManage_Handler)
    NMI_Handler                              0x08003825   Thumb Code     2  stm32f1xx_it.o(.text.NMI_Handler)
    PendSV_Handler                           0x08003829   Thumb Code     2  stm32f1xx_it.o(.text.PendSV_Handler)
    SVC_Handler                              0x0800382d   Thumb Code     2  stm32f1xx_it.o(.text.SVC_Handler)
    SysTick_Handler                          0x08003831   Thumb Code     4  stm32f1xx_it.o(.text.SysTick_Handler)
    SystemClock_Config                       0x08003835   Thumb Code   134  main.o(.text.SystemClock_Config)
    SystemInit                               0x080038bd   Thumb Code     2  system_stm32f1xx.o(.text.SystemInit)
    TIM16_usDelay_Init                       0x080038c1   Thumb Code     2  timers.o(.text.TIM16_usDelay_Init)
    TIM1_TRG_COM_TIM17_IRQHandler            0x080038c5   Thumb Code   256  stm32f1xx_it.o(.text.TIM1_TRG_COM_TIM17_IRQHandler)
    TIM1_UP_TIM16_IRQHandler                 0x080039cd   Thumb Code   320  stm32f1xx_it.o(.text.TIM1_UP_TIM16_IRQHandler)
    TIM4_IRQHandler                          0x08003b0d   Thumb Code    38  stm32f1xx_it.o(.text.TIM4_IRQHandler)
    TIM6_DAC_IRQHandler                      0x08003b35   Thumb Code   236  stm32f1xx_it.o(.text.TIM6_DAC_IRQHandler)
    TIM7_IRQHandler                          0x08003c21   Thumb Code  1584  stm32f1xx_it.o(.text.TIM7_IRQHandler)
    TIM_Base_SetConfig                       0x08004251   Thumb Code   228  stm32f1xx_hal_tim.o(.text.TIM_Base_SetConfig)
    TIM_CCxChannelCmd                        0x08004335   Thumb Code    36  stm32f1xx_hal_tim.o(.text.TIM_CCxChannelCmd)
    TIM_DMAError                             0x08004359   Thumb Code    92  stm32f1xx_hal_tim.o(.text.TIM_DMAError)
    UsageFault_Handler                       0x0800455d   Thumb Code     2  stm32f1xx_it.o(.text.UsageFault_Handler)
    config_speed                             0x08004561   Thumb Code    56  main.o(.text.config_speed)
    delay_us                                 0x080045a9   Thumb Code    84  timers.o(.text.delay_us)
    main                                     0x080045fd   Thumb Code  2088  main.o(.text.main)
    nema_start                               0x08004e85   Thumb Code    14  main.o(.text.nema_start)
    nema_start_part                          0x08004e95   Thumb Code    38  main.o(.text.nema_start_part)
    read_callback_sensor                     0x08004ebd   Thumb Code   128  stm32f1xx_it.o(.text.read_callback_sensor)
    scan_keyb                                0x08004f45   Thumb Code  1492  stm32f1xx_it.o(.text.scan_keyb)
    _is_digit                                0x08005519   Thumb Code    14  __printf_wp.o(i._is_digit)
    _get_lc_ctype                            0x08005529   Thumb Code    44  lc_ctype_c.o(locale$$code)
    __aeabi_d2iz                             0x08005555   Thumb Code     0  dfix.o(x$fpl$dfix)
    _dfix                                    0x08005555   Thumb Code    94  dfix.o(x$fpl$dfix)
    __aeabi_ui2d                             0x080055b3   Thumb Code     0  dflt_clz.o(x$fpl$dfltu)
    _dfltu                                   0x080055b3   Thumb Code    38  dflt_clz.o(x$fpl$dfltu)
    __aeabi_dmul                             0x080055d9   Thumb Code     0  dmul.o(x$fpl$dmul)
    _dmul                                    0x080055d9   Thumb Code   332  dmul.o(x$fpl$dmul)
    __fpl_dnaninf                            0x0800572d   Thumb Code   156  dnaninf.o(x$fpl$dnaninf)
    __fpl_dretinf                            0x080057c9   Thumb Code    12  dretinf.o(x$fpl$dretinf)
    __I$use$fp                               0x080057d4   Number         0  usenofp.o(x$fpl$usenofp)
    AHBPrescTable                            0x080057e5   Data          16  system_stm32f1xx.o(.rodata.AHBPrescTable)
    APBPrescTable                            0x080057f5   Data           8  system_stm32f1xx.o(.rodata.APBPrescTable)
    Region$$Table$$Base                      0x08005850   Number         0  anon$$obj.o(Region$$Table)
    Region$$Table$$Limit                     0x08005870   Number         0  anon$$obj.o(Region$$Table)
    __ctype                                  0x0800587d   Data           0  lc_ctype_c.o(locale$$data)
    ARGB_BR                                  0x20000000   Data           1  argb.o(.data.ARGB_BR)
    SystemCoreClock                          0x20000004   Data           4  system_stm32f1xx.o(.data.SystemCoreClock)
    charSet866                               0x20000008   Data         256  ba63.o(.data.charSet866)
    clearCmd                                 0x20000108   Data           4  ba63.o(.data.clearCmd)
    cpcode                                   0x2000010c   Data           3  ba63.o(.data.cpcode)
    govno                                    0x2000010f   Data           1  stm32f1xx_it.o(.data.govno)
    ru_debug_adc                             0x20000110   Data           5  locale_ru.o(.data.ru_debug_adc)
    ru_debug_input                           0x20000115   Data           6  locale_ru.o(.data.ru_debug_input)
    ru_debug_ver                             0x2000011b   Data          10  locale_ru.o(.data.ru_debug_ver)
    ru_finish                                0x20000125   Data          21  locale_ru.o(.data.ru_finish)
    ru_frames_template                       0x2000013a   Data          21  locale_ru.o(.data.ru_frames_template)
    ru_paused                                0x2000014f   Data          21  locale_ru.o(.data.ru_paused)
    ru_ready                                 0x20000164   Data          21  locale_ru.o(.data.ru_ready)
    ru_rgb_template                          0x20000179   Data          21  locale_ru.o(.data.ru_rgb_template)
    ru_user_irq_first                        0x2000018e   Data          21  locale_ru.o(.data.ru_user_irq_first)
    ru_user_irq_second                       0x200001a3   Data          21  locale_ru.o(.data.ru_user_irq_second)
    setCurPos                                0x200001b8   Data           6  ba63.o(.data.setCurPos)
    shotLock                                 0x200001be   Data           1  stm32f1xx_it.o(.data.shotLock)
    timDelayMs                               0x200001c0   Data           2  main.o(.data.timDelayMs)
    uwTickFreq                               0x200001c2   Data           1  stm32f1xx_hal.o(.data.uwTickFreq)
    uwTickPrio                               0x200001c4   Data           4  stm32f1xx_hal.o(.data.uwTickPrio)
    __libspace_start                         0x200001c8   Data          96  libspace.o(.bss)
    ARGB_LOC_ST                              0x20000228   Data           1  argb.o(.bss.ARGB_LOC_ST)
    __temporary_stack_top$libspace           0x20000228   Data           0  libspace.o(.bss)
    BUF_COUNTER                              0x2000022a   Data           2  argb.o(.bss.BUF_COUNTER)
    PWM_BUF                                  0x2000022c   Data         192  argb.o(.bss.PWM_BUF)
    PWM_HI                                   0x200002ec   Data           1  argb.o(.bss.PWM_HI)
    PWM_LO                                   0x200002ed   Data           1  argb.o(.bss.PWM_LO)
    RGB                                      0x200002ee   Data           6  stm32f1xx_it.o(.bss.RGB)
    RGB_BUF                                  0x200002f4   Data          96  argb.o(.bss.RGB_BUF)
    RGBpointer                               0x20000354   Data           1  stm32f1xx_it.o(.bss.RGBpointer)
    VBuf                                     0x2000035c   Data          85  stm32f1xx_it.o(.bss.VBuf)
    adc_cnt                                  0x200003b1   Data           5  stm32f1xx_it.o(.bss.adc_cnt)
    callback_adc                             0x200003ba   Data           3  stm32f1xx_it.o(.bss.callback_adc)
    callback_analog                          0x200003be   Data           2  stm32f1xx_it.o(.bss.callback_analog)
    cam_busy                                 0x200003c0   Data           1  stm32f1xx_it.o(.bss.cam_busy)
    colorSet                                 0x200003c1   Data           1  stm32f1xx_it.o(.bss.colorSet)
    debud_value                              0x200003c2   Data           2  timers.o(.bss.debud_value)
    debugMode                                0x200003c4   Data           1  main.o(.bss.debugMode)
    delayPointer                             0x200003c5   Data           1  stm32f1xx_it.o(.bss.delayPointer)
    first_run                                0x200003c6   Data           1  stm32f1xx_it.o(.bss.first_run)
    framCnt                                  0x200003c8   Data           2  stm32f1xx_it.o(.bss.framCnt)
    frame_cnt                                0x200003ca   Data          21  stm32f1xx_it.o(.bss.frame_cnt)
    govno2                                   0x200003df   Data           1  stm32f1xx_it.o(.bss.govno2)
    govno3                                   0x200003e0   Data           2  stm32f1xx_it.o(.bss.govno3)
    hadc1                                    0x200003e8   Data          48  main.o(.bss.hadc1)
    hdma_tim2_ch2_ch4                        0x20000418   Data          68  main.o(.bss.hdma_tim2_ch2_ch4)
    htim1                                    0x2000045c   Data          72  main.o(.bss.htim1)
    htim15                                   0x200004a4   Data          72  main.o(.bss.htim15)
    htim16                                   0x200004ec   Data          72  main.o(.bss.htim16)
    htim17                                   0x20000534   Data          72  main.o(.bss.htim17)
    htim2                                    0x2000057c   Data          72  main.o(.bss.htim2)
    htim3                                    0x200005c4   Data          72  main.o(.bss.htim3)
    htim4                                    0x2000060c   Data          72  main.o(.bss.htim4)
    htim6                                    0x20000654   Data          72  main.o(.bss.htim6)
    htim7                                    0x2000069c   Data          72  main.o(.bss.htim7)
    huart1                                   0x200006e4   Data          68  main.o(.bss.huart1)
    inputPointer                             0x20000728   Data           1  stm32f1xx_it.o(.bss.inputPointer)
    pausePending                             0x20000729   Data           1  stm32f1xx_it.o(.bss.pausePending)
    run                                      0x2000072e   Data           1  stm32f1xx_it.o(.bss.run)
    speed                                    0x20000730   Data           2  stm32f1xx_it.o(.bss.speed)
    stop                                     0x20000732   Data           1  stm32f1xx_it.o(.bss.stop)
    timPointer                               0x20000733   Data           1  stm32f1xx_it.o(.bss.timPointer)
    tmp_rgb_template                         0x20000734   Data          21  stm32f1xx_it.o(.bss.tmp_rgb_template)
    ttm                                      0x20000749   Data           1  stm32f1xx_it.o(.bss.ttm)
    userInputString                          0x2000074c   Data           4  stm32f1xx_it.o(.bss.userInputString)
    uwTick                                   0x20000750   Data           4  stm32f1xx_hal.o(.bss.uwTick)
    writeLock                                0x20000754   Data           1  stm32f1xx_it.o(.bss.writeLock)



==============================================================================

Memory Map of the image

  Image Entry point : 0x08000121

  Load Region LR_IROM1 (Base: 0x08000000, Size: 0x00005b48, Max: 0x00020000, ABSOLUTE)

    Execution Region ER_IROM1 (Exec base: 0x08000000, Load base: 0x08000000, Size: 0x00005980, Max: 0x00020000, ABSOLUTE)

    Exec Addr    Load Addr    Size         Type   Attr      Idx    E Section Name        Object

    0x08000000   0x08000000   0x00000120   Data   RO            3    RESET               startup_stm32f100xb.o
    0x08000120   0x08000120   0x00000008   Code   RO         1294  * !!!main             c_w.l(__main.o)
    0x08000128   0x08000128   0x00000034   Code   RO         1542    !!!scatter          c_w.l(__scatter.o)
    0x0800015c   0x0800015c   0x0000001a   Code   RO         1544    !!handler_copy      c_w.l(__scatter_copy.o)
    0x08000176   0x08000176   0x00000002   PAD
    0x08000178   0x08000178   0x0000001c   Code   RO         1546    !!handler_zi        c_w.l(__scatter_zi.o)
    0x08000194   0x08000194   0x00000000   Code   RO         1281    .ARM.Collect$$_printf_percent$$00000000  c_w.l(_printf_percent.o)
    0x08000194   0x08000194   0x00000006   Code   RO         1280    .ARM.Collect$$_printf_percent$$00000009  c_w.l(_printf_d.o)
    0x0800019a   0x0800019a   0x00000004   Code   RO         1348    .ARM.Collect$$_printf_percent$$00000017  c_w.l(_printf_percent_end.o)
    0x0800019e   0x0800019e   0x00000002   Code   RO         1405    .ARM.Collect$$libinit$$00000000  c_w.l(libinit.o)
    0x080001a0   0x080001a0   0x00000000   Code   RO         1411    .ARM.Collect$$libinit$$00000002  c_w.l(libinit2.o)
    0x080001a0   0x080001a0   0x00000000   Code   RO         1413    .ARM.Collect$$libinit$$00000004  c_w.l(libinit2.o)
    0x080001a0   0x080001a0   0x00000000   Code   RO         1415    .ARM.Collect$$libinit$$00000006  c_w.l(libinit2.o)
    0x080001a0   0x080001a0   0x00000000   Code   RO         1418    .ARM.Collect$$libinit$$0000000C  c_w.l(libinit2.o)
    0x080001a0   0x080001a0   0x00000000   Code   RO         1420    .ARM.Collect$$libinit$$0000000E  c_w.l(libinit2.o)
    0x080001a0   0x080001a0   0x00000000   Code   RO         1422    .ARM.Collect$$libinit$$00000010  c_w.l(libinit2.o)
    0x080001a0   0x080001a0   0x00000006   Code   RO         1423    .ARM.Collect$$libinit$$00000011  c_w.l(libinit2.o)
    0x080001a6   0x080001a6   0x00000000   Code   RO         1425    .ARM.Collect$$libinit$$00000013  c_w.l(libinit2.o)
    0x080001a6   0x080001a6   0x0000000c   Code   RO         1426    .ARM.Collect$$libinit$$00000014  c_w.l(libinit2.o)
    0x080001b2   0x080001b2   0x00000000   Code   RO         1427    .ARM.Collect$$libinit$$00000015  c_w.l(libinit2.o)
    0x080001b2   0x080001b2   0x00000000   Code   RO         1429    .ARM.Collect$$libinit$$00000017  c_w.l(libinit2.o)
    0x080001b2   0x080001b2   0x00000000   Code   RO         1431    .ARM.Collect$$libinit$$00000019  c_w.l(libinit2.o)
    0x080001b2   0x080001b2   0x00000000   Code   RO         1433    .ARM.Collect$$libinit$$0000001B  c_w.l(libinit2.o)
    0x080001b2   0x080001b2   0x00000000   Code   RO         1435    .ARM.Collect$$libinit$$0000001D  c_w.l(libinit2.o)
    0x080001b2   0x080001b2   0x00000000   Code   RO         1437    .ARM.Collect$$libinit$$0000001F  c_w.l(libinit2.o)
    0x080001b2   0x080001b2   0x00000000   Code   RO         1439    .ARM.Collect$$libinit$$00000021  c_w.l(libinit2.o)
    0x080001b2   0x080001b2   0x00000000   Code   RO         1441    .ARM.Collect$$libinit$$00000023  c_w.l(libinit2.o)
    0x080001b2   0x080001b2   0x00000000   Code   RO         1443    .ARM.Collect$$libinit$$00000025  c_w.l(libinit2.o)
    0x080001b2   0x080001b2   0x00000000   Code   RO         1445    .ARM.Collect$$libinit$$00000027  c_w.l(libinit2.o)
    0x080001b2   0x080001b2   0x00000000   Code   RO         1449    .ARM.Collect$$libinit$$0000002E  c_w.l(libinit2.o)
    0x080001b2   0x080001b2   0x00000000   Code   RO         1451    .ARM.Collect$$libinit$$00000030  c_w.l(libinit2.o)
    0x080001b2   0x080001b2   0x00000000   Code   RO         1453    .ARM.Collect$$libinit$$00000032  c_w.l(libinit2.o)
    0x080001b2   0x080001b2   0x00000000   Code   RO         1455    .ARM.Collect$$libinit$$00000034  c_w.l(libinit2.o)
    0x080001b2   0x080001b2   0x00000002   Code   RO         1456    .ARM.Collect$$libinit$$00000035  c_w.l(libinit2.o)
    0x080001b4   0x080001b4   0x00000002   Code   RO         1478    .ARM.Collect$$libshutdown$$00000000  c_w.l(libshutdown.o)
    0x080001b6   0x080001b6   0x00000000   Code   RO         1493    .ARM.Collect$$libshutdown$$00000002  c_w.l(libshutdown2.o)
    0x080001b6   0x080001b6   0x00000000   Code   RO         1495    .ARM.Collect$$libshutdown$$00000004  c_w.l(libshutdown2.o)
    0x080001b6   0x080001b6   0x00000000   Code   RO         1498    .ARM.Collect$$libshutdown$$00000007  c_w.l(libshutdown2.o)
    0x080001b6   0x080001b6   0x00000000   Code   RO         1501    .ARM.Collect$$libshutdown$$0000000A  c_w.l(libshutdown2.o)
    0x080001b6   0x080001b6   0x00000000   Code   RO         1503    .ARM.Collect$$libshutdown$$0000000C  c_w.l(libshutdown2.o)
    0x080001b6   0x080001b6   0x00000000   Code   RO         1506    .ARM.Collect$$libshutdown$$0000000F  c_w.l(libshutdown2.o)
    0x080001b6   0x080001b6   0x00000002   Code   RO         1507    .ARM.Collect$$libshutdown$$00000010  c_w.l(libshutdown2.o)
    0x080001b8   0x080001b8   0x00000000   Code   RO         1336    .ARM.Collect$$rtentry$$00000000  c_w.l(__rtentry.o)
    0x080001b8   0x080001b8   0x00000000   Code   RO         1366    .ARM.Collect$$rtentry$$00000002  c_w.l(__rtentry2.o)
    0x080001b8   0x080001b8   0x00000006   Code   RO         1378    .ARM.Collect$$rtentry$$00000004  c_w.l(__rtentry4.o)
    0x080001be   0x080001be   0x00000000   Code   RO         1368    .ARM.Collect$$rtentry$$00000009  c_w.l(__rtentry2.o)
    0x080001be   0x080001be   0x00000004   Code   RO         1369    .ARM.Collect$$rtentry$$0000000A  c_w.l(__rtentry2.o)
    0x080001c2   0x080001c2   0x00000000   Code   RO         1371    .ARM.Collect$$rtentry$$0000000C  c_w.l(__rtentry2.o)
    0x080001c2   0x080001c2   0x00000008   Code   RO         1372    .ARM.Collect$$rtentry$$0000000D  c_w.l(__rtentry2.o)
    0x080001ca   0x080001ca   0x00000002   Code   RO         1406    .ARM.Collect$$rtexit$$00000000  c_w.l(rtexit.o)
    0x080001cc   0x080001cc   0x00000000   Code   RO         1458    .ARM.Collect$$rtexit$$00000002  c_w.l(rtexit2.o)
    0x080001cc   0x080001cc   0x00000004   Code   RO         1459    .ARM.Collect$$rtexit$$00000003  c_w.l(rtexit2.o)
    0x080001d0   0x080001d0   0x00000006   Code   RO         1460    .ARM.Collect$$rtexit$$00000004  c_w.l(rtexit2.o)
    0x080001d6   0x080001d6   0x00000002   PAD
    0x080001d8   0x080001d8   0x00000040   Code   RO            4    .text               startup_stm32f100xb.o
    0x08000218   0x08000218   0x00000028   Code   RO         1252    .text               c_w.l(noretval__2sprintf.o)
    0x08000240   0x08000240   0x0000004e   Code   RO         1256    .text               c_w.l(_printf_pad.o)
    0x0800028e   0x0800028e   0x00000002   PAD
    0x08000290   0x08000290   0x00000078   Code   RO         1258    .text               c_w.l(_printf_dec.o)
    0x08000308   0x08000308   0x00000138   Code   RO         1272    .text               c_w.l(__printf_flags_wp.o)
    0x08000440   0x08000440   0x0000001a   Code   RO         1282    .text               c_w.l(atoi.o)
    0x0800045a   0x0800045a   0x00000048   Code   RO         1284    .text               c_w.l(strcpy.o)
    0x080004a2   0x080004a2   0x00000010   Code   RO         1286    .text               c_w.l(aeabi_memset.o)
    0x080004b2   0x080004b2   0x0000004e   Code   RO         1288    .text               c_w.l(rt_memclr_w.o)
    0x08000500   0x08000500   0x00000056   Code   RO         1290    .text               c_w.l(strncpy.o)
    0x08000556   0x08000556   0x00000006   Code   RO         1292    .text               c_w.l(heapauxi.o)
    0x0800055c   0x0800055c   0x00000008   Code   RO         1340    .text               c_w.l(rt_errno_addr_intlibspace.o)
    0x08000564   0x08000564   0x000000b2   Code   RO         1342    .text               c_w.l(_printf_intcommon.o)
    0x08000616   0x08000616   0x00000002   PAD
    0x08000618   0x08000618   0x00000030   Code   RO         1344    .text               c_w.l(_printf_char_common.o)
    0x08000648   0x08000648   0x0000000a   Code   RO         1346    .text               c_w.l(_sputc.o)
    0x08000652   0x08000652   0x00000070   Code   RO         1349    .text               c_w.l(strtol.o)
    0x080006c2   0x080006c2   0x00000044   Code   RO         1351    .text               c_w.l(rt_memclr.o)
    0x08000706   0x08000706   0x00000002   PAD
    0x08000708   0x08000708   0x00000008   Code   RO         1362    .text               c_w.l(libspace.o)
    0x08000710   0x08000710   0x00000010   Code   RO         1380    .text               c_w.l(rt_ctype_table.o)
    0x08000720   0x08000720   0x0000009e   Code   RO         1384    .text               c_w.l(_strtoul.o)
    0x080007be   0x080007be   0x0000004a   Code   RO         1386    .text               c_w.l(sys_stackheap_outer.o)
    0x08000808   0x08000808   0x00000008   Code   RO         1391    .text               c_w.l(rt_locale_intlibspace.o)
    0x08000810   0x08000810   0x0000001c   Code   RO         1393    .text               c_w.l(_chval.o)
    0x0800082c   0x0800082c   0x00000012   Code   RO         1398    .text               c_w.l(exit.o)
    0x0800083e   0x0800083e   0x00000002   PAD
    0x08000840   0x08000840   0x00000080   Code   RO         1408    .text               c_w.l(strcmpv7m.o)
    0x080008c0   0x080008c0   0x0000000c   Code   RO         1468    .text               c_w.l(sys_exit.o)
    0x080008cc   0x080008cc   0x00000002   Code   RO         1483    .text               c_w.l(use_no_semi.o)
    0x080008ce   0x080008ce   0x00000000   Code   RO         1485    .text               c_w.l(indicate_semi.o)
    0x080008ce   0x080008ce   0x00000002   PAD
    0x080008d0   0x080008d0   0x00000092   Code   RO          330    .text.ADC_Enable    stm32f1xx_hal_adc.o
    0x08000962   0x08000962   0x00000002   PAD
    0x08000964   0x08000964   0x00000092   Code   RO           51    .text.ARGB_FillRGB  argb.o
    0x080009f6   0x080009f6   0x00000002   PAD
    0x080009f8   0x080009f8   0x000000c0   Code   RO           47    .text.ARGB_Init     argb.o
    0x08000ab8   0x08000ab8   0x0000020e   Code   RO           69    .text.ARGB_Show     argb.o
    0x08000cc6   0x08000cc6   0x00000002   PAD
    0x08000cc8   0x08000cc8   0x000001fe   Code   RO           71    .text.ARGB_TIM_DMADelayPulseCplt  argb.o
    0x08000ec6   0x08000ec6   0x00000002   PAD
    0x08000ec8   0x08000ec8   0x000000fc   Code   RO           73    .text.ARGB_TIM_DMADelayPulseHalfCplt  argb.o
    0x08000fc4   0x08000fc4   0x0000001a   Code   RO          111    .text.BA63_ClearVFD  ba63.o
    0x08000fde   0x08000fde   0x00000002   PAD
    0x08000fe0   0x08000fe0   0x0000004e   Code   RO          115    .text.BA63_SendString  ba63.o
    0x0800102e   0x0800102e   0x00000002   PAD
    0x08001030   0x08001030   0x00000030   Code   RO          109    .text.BA63_SetCP    ba63.o
    0x08001060   0x08001060   0x0000005a   Code   RO          113    .text.BA63_SetPos   ba63.o
    0x080010ba   0x080010ba   0x00000002   PAD
    0x080010bc   0x080010bc   0x00000002   Code   RO          195    .text.BusFault_Handler  stm32f1xx_it.o
    0x080010be   0x080010be   0x00000002   PAD
    0x080010c0   0x080010c0   0x0000000c   Code   RO          207    .text.DMA1_Channel7_IRQHandler  stm32f1xx_it.o
    0x080010cc   0x080010cc   0x00000002   Code   RO          201    .text.DebugMon_Handler  stm32f1xx_it.o
    0x080010ce   0x080010ce   0x00000002   PAD
    0x080010d0   0x080010d0   0x0000000a   Code   RO          143    .text.Error_Handler  main.o
    0x080010da   0x080010da   0x00000002   PAD
    0x080010dc   0x080010dc   0x0000010e   Code   RO          364    .text.HAL_ADC_ConfigChannel  stm32f1xx_hal_adc.o
    0x080011ea   0x080011ea   0x00000002   PAD
    0x080011ec   0x080011ec   0x00000006   Code   RO          352    .text.HAL_ADC_GetValue  stm32f1xx_hal_adc.o
    0x080011f2   0x080011f2   0x00000002   PAD
    0x080011f4   0x080011f4   0x0000015c   Code   RO          318    .text.HAL_ADC_Init  stm32f1xx_hal_adc.o
    0x08001350   0x08001350   0x00000066   Code   RO          264    .text.HAL_ADC_MspInit  stm32f1xx_hal_msp.o
    0x080013b6   0x080013b6   0x00000002   PAD
    0x080013b8   0x080013b8   0x0000018c   Code   RO          334    .text.HAL_ADC_PollForConversion  stm32f1xx_hal_adc.o
    0x08001544   0x08001544   0x00000086   Code   RO          328    .text.HAL_ADC_Start  stm32f1xx_hal_adc.o
    0x080015ca   0x080015ca   0x00000002   PAD
    0x080015cc   0x080015cc   0x0000008c   Code   RO          332    .text.HAL_ADC_Stop  stm32f1xx_hal_adc.o
    0x08001658   0x08001658   0x000000a4   Code   RO          552    .text.HAL_DMA_Abort_IT  stm32f1xx_hal_dma.o
    0x080016fc   0x080016fc   0x0000016c   Code   RO          556    .text.HAL_DMA_IRQHandler  stm32f1xx_hal_dma.o
    0x08001868   0x08001868   0x00000076   Code   RO          542    .text.HAL_DMA_Init  stm32f1xx_hal_dma.o
    0x080018de   0x080018de   0x00000002   PAD
    0x080018e0   0x080018e0   0x00000098   Code   RO          548    .text.HAL_DMA_Start_IT  stm32f1xx_hal_dma.o
    0x08001978   0x08001978   0x00000028   Code   RO          426    .text.HAL_Delay     stm32f1xx_hal.o
    0x080019a0   0x080019a0   0x00000204   Code   RO          518    .text.HAL_GPIO_Init  stm32f1xx_hal_gpio.o
    0x08001ba4   0x08001ba4   0x0000000a   Code   RO          524    .text.HAL_GPIO_WritePin  stm32f1xx_hal_gpio.o
    0x08001bae   0x08001bae   0x00000002   PAD
    0x08001bb0   0x08001bb0   0x0000000c   Code   RO          418    .text.HAL_GetTick   stm32f1xx_hal.o
    0x08001bbc   0x08001bbc   0x0000001a   Code   RO          416    .text.HAL_IncTick   stm32f1xx_hal.o
    0x08001bd6   0x08001bd6   0x00000002   PAD
    0x08001bd8   0x08001bd8   0x00000016   Code   RO          406    .text.HAL_Init      stm32f1xx_hal.o
    0x08001bee   0x08001bee   0x00000002   PAD
    0x08001bf0   0x08001bf0   0x00000050   Code   RO          408    .text.HAL_InitTick  stm32f1xx_hal.o
    0x08001c40   0x08001c40   0x00000042   Code   RO          262    .text.HAL_MspInit   stm32f1xx_hal_msp.o
    0x08001c82   0x08001c82   0x00000002   PAD
    0x08001c84   0x08001c84   0x00000020   Code   RO          578    .text.HAL_NVIC_EnableIRQ  stm32f1xx_hal_cortex.o
    0x08001ca4   0x08001ca4   0x00000056   Code   RO          576    .text.HAL_NVIC_SetPriority  stm32f1xx_hal_cortex.o
    0x08001cfa   0x08001cfa   0x00000002   PAD
    0x08001cfc   0x08001cfc   0x00000020   Code   RO          574    .text.HAL_NVIC_SetPriorityGrouping  stm32f1xx_hal_cortex.o
    0x08001d1c   0x08001d1c   0x0000007c   Code   RO          508    .text.HAL_RCCEx_GetPeriphCLKFreq  stm32f1xx_hal_rcc_ex.o
    0x08001d98   0x08001d98   0x000000fa   Code   RO          504    .text.HAL_RCCEx_PeriphCLKConfig  stm32f1xx_hal_rcc_ex.o
    0x08001e92   0x08001e92   0x00000002   PAD
    0x08001e94   0x08001e94   0x00000138   Code   RO          471    .text.HAL_RCC_ClockConfig  stm32f1xx_hal_rcc.o
    0x08001fcc   0x08001fcc   0x00000026   Code   RO          483    .text.HAL_RCC_GetPCLK1Freq  stm32f1xx_hal_rcc.o
    0x08001ff2   0x08001ff2   0x00000002   PAD
    0x08001ff4   0x08001ff4   0x00000026   Code   RO          485    .text.HAL_RCC_GetPCLK2Freq  stm32f1xx_hal_rcc.o
    0x0800201a   0x0800201a   0x00000002   PAD
    0x0800201c   0x0800201c   0x00000330   Code   RO          469    .text.HAL_RCC_OscConfig  stm32f1xx_hal_rcc.o
    0x0800234c   0x0800234c   0x0000002c   Code   RO          586    .text.HAL_SYSTICK_Config  stm32f1xx_hal_cortex.o
    0x08002378   0x08002378   0x00000002   Code   RO         1100    .text.HAL_TIMEx_BreakCallback  stm32f1xx_hal_tim_ex.o
    0x0800237a   0x0800237a   0x00000002   PAD
    0x0800237c   0x0800237c   0x00000002   Code   RO         1096    .text.HAL_TIMEx_CommutCallback  stm32f1xx_hal_tim_ex.o
    0x0800237e   0x0800237e   0x00000002   PAD
    0x08002380   0x08002380   0x0000004c   Code   RO         1092    .text.HAL_TIMEx_ConfigBreakDeadTime  stm32f1xx_hal_tim_ex.o
    0x080023cc   0x080023cc   0x0000008a   Code   RO         1090    .text.HAL_TIMEx_MasterConfigSynchronization  stm32f1xx_hal_tim_ex.o
    0x08002456   0x08002456   0x00000002   PAD
    0x08002458   0x08002458   0x0000005a   Code   RO          795    .text.HAL_TIM_Base_Init  stm32f1xx_hal_tim.o
    0x080024b2   0x080024b2   0x00000002   PAD
    0x080024b4   0x080024b4   0x00000260   Code   RO          268    .text.HAL_TIM_Base_MspInit  stm32f1xx_hal_msp.o
    0x08002714   0x08002714   0x00000072   Code   RO          805    .text.HAL_TIM_Base_Start  stm32f1xx_hal_tim.o
    0x08002786   0x08002786   0x00000002   PAD
    0x08002788   0x08002788   0x0000007a   Code   RO          809    .text.HAL_TIM_Base_Start_IT  stm32f1xx_hal_tim.o
    0x08002802   0x08002802   0x00000002   PAD
    0x08002804   0x08002804   0x0000002a   Code   RO          807    .text.HAL_TIM_Base_Stop  stm32f1xx_hal_tim.o
    0x0800282e   0x0800282e   0x00000002   PAD
    0x08002830   0x08002830   0x00000032   Code   RO          811    .text.HAL_TIM_Base_Stop_IT  stm32f1xx_hal_tim.o
    0x08002862   0x08002862   0x00000002   PAD
    0x08002864   0x08002864   0x00000194   Code   RO          975    .text.HAL_TIM_ConfigClockSource  stm32f1xx_hal_tim.o
    0x080029f8   0x080029f8   0x00000002   Code   RO          995    .text.HAL_TIM_ErrorCallback  stm32f1xx_hal_tim.o
    0x080029fa   0x080029fa   0x00000002   PAD
    0x080029fc   0x080029fc   0x00000002   Code   RO          931    .text.HAL_TIM_IC_CaptureCallback  stm32f1xx_hal_tim.o
    0x080029fe   0x080029fe   0x00000002   PAD
    0x08002a00   0x08002a00   0x0000016a   Code   RO          929    .text.HAL_TIM_IRQHandler  stm32f1xx_hal_tim.o
    0x08002b6a   0x08002b6a   0x00000002   PAD
    0x08002b6c   0x08002b6c   0x0000011e   Code   RO          272    .text.HAL_TIM_MspPostInit  stm32f1xx_hal_msp.o
    0x08002c8a   0x08002c8a   0x00000002   PAD
    0x08002c8c   0x08002c8c   0x00000002   Code   RO          933    .text.HAL_TIM_OC_DelayElapsedCallback  stm32f1xx_hal_tim.o
    0x08002c8e   0x08002c8e   0x00000002   PAD
    0x08002c90   0x08002c90   0x00000254   Code   RO          949    .text.HAL_TIM_PWM_ConfigChannel  stm32f1xx_hal_tim.o
    0x08002ee4   0x08002ee4   0x0000005a   Code   RO          849    .text.HAL_TIM_PWM_Init  stm32f1xx_hal_tim.o
    0x08002f3e   0x08002f3e   0x00000002   PAD
    0x08002f40   0x08002f40   0x00000032   Code   RO          270    .text.HAL_TIM_PWM_MspInit  stm32f1xx_hal_msp.o
    0x08002f72   0x08002f72   0x00000002   PAD
    0x08002f74   0x08002f74   0x00000002   Code   RO          935    .text.HAL_TIM_PWM_PulseFinishedCallback  stm32f1xx_hal_tim.o
    0x08002f76   0x08002f76   0x00000002   PAD
    0x08002f78   0x08002f78   0x000000de   Code   RO          857    .text.HAL_TIM_PWM_Start  stm32f1xx_hal_tim.o
    0x08003056   0x08003056   0x00000002   PAD
    0x08003058   0x08003058   0x000000fc   Code   RO          861    .text.HAL_TIM_PWM_Start_IT  stm32f1xx_hal_tim.o
    0x08003154   0x08003154   0x000000a2   Code   RO          859    .text.HAL_TIM_PWM_Stop  stm32f1xx_hal_tim.o
    0x080031f6   0x080031f6   0x00000002   PAD
    0x080031f8   0x080031f8   0x000000c0   Code   RO          863    .text.HAL_TIM_PWM_Stop_IT  stm32f1xx_hal_tim.o
    0x080032b8   0x080032b8   0x00000002   Code   RO          937    .text.HAL_TIM_PeriodElapsedCallback  stm32f1xx_hal_tim.o
    0x080032ba   0x080032ba   0x00000002   PAD
    0x080032bc   0x080032bc   0x0000004a   Code   RO          979    .text.HAL_TIM_SlaveConfigSynchro  stm32f1xx_hal_tim.o
    0x08003306   0x08003306   0x00000002   PAD
    0x08003308   0x08003308   0x00000002   Code   RO          939    .text.HAL_TIM_TriggerCallback  stm32f1xx_hal_tim.o
    0x0800330a   0x0800330a   0x00000002   PAD
    0x0800330c   0x0800330c   0x0000005e   Code   RO         1114    .text.HAL_UART_Init  stm32f1xx_hal_uart.o
    0x0800336a   0x0800336a   0x00000002   PAD
    0x0800336c   0x0800336c   0x0000007e   Code   RO          278    .text.HAL_UART_MspInit  stm32f1xx_hal_msp.o
    0x080033ea   0x080033ea   0x00000002   PAD
    0x080033ec   0x080033ec   0x0000012e   Code   RO         1130    .text.HAL_UART_Transmit  stm32f1xx_hal_uart.o
    0x0800351a   0x0800351a   0x00000002   PAD
    0x0800351c   0x0800351c   0x0000007e   Code   RO           17    .text.HD44780_ClearLCD  hd44780_driver.o
    0x0800359a   0x0800359a   0x00000002   PAD
    0x0800359c   0x0800359c   0x000000b2   Code   RO           11    .text.HD44780_Command  hd44780_driver.o
    0x0800364e   0x0800364e   0x00000002   PAD
    0x08003650   0x08003650   0x000000c6   Code   RO           13    .text.HD44780_Data  hd44780_driver.o
    0x08003716   0x08003716   0x00000002   PAD
    0x08003718   0x08003718   0x00000022   Code   RO           23    .text.HD44780_SendString  hd44780_driver.o
    0x0800373a   0x0800373a   0x00000002   PAD
    0x0800373c   0x0800373c   0x00000022   Code   RO           21    .text.HD44780_SetPos  hd44780_driver.o
    0x0800375e   0x0800375e   0x00000002   PAD
    0x08003760   0x08003760   0x00000002   Code   RO          191    .text.HardFault_Handler  stm32f1xx_it.o
    0x08003762   0x08003762   0x00000002   PAD
    0x08003764   0x08003764   0x000000bc   Code   RO          306    .text.LL_GPIO_Init  stm32f1xx_ll_gpio.o
    0x08003820   0x08003820   0x00000002   Code   RO          193    .text.MemManage_Handler  stm32f1xx_it.o
    0x08003822   0x08003822   0x00000002   PAD
    0x08003824   0x08003824   0x00000002   Code   RO          189    .text.NMI_Handler   stm32f1xx_it.o
    0x08003826   0x08003826   0x00000002   PAD
    0x08003828   0x08003828   0x00000002   Code   RO          203    .text.PendSV_Handler  stm32f1xx_it.o
    0x0800382a   0x0800382a   0x00000002   PAD
    0x0800382c   0x0800382c   0x00000002   Code   RO          199    .text.SVC_Handler   stm32f1xx_it.o
    0x0800382e   0x0800382e   0x00000002   PAD
    0x08003830   0x08003830   0x00000004   Code   RO          205    .text.SysTick_Handler  stm32f1xx_it.o
    0x08003834   0x08003834   0x00000086   Code   RO          147    .text.SystemClock_Config  main.o
    0x080038ba   0x080038ba   0x00000002   PAD
    0x080038bc   0x080038bc   0x00000002   Code   RO         1234    .text.SystemInit    system_stm32f1xx.o
    0x080038be   0x080038be   0x00000002   PAD
    0x080038c0   0x080038c0   0x00000002   Code   RO           35    .text.TIM16_usDelay_Init  timers.o
    0x080038c2   0x080038c2   0x00000002   PAD
    0x080038c4   0x080038c4   0x00000108   Code   RO          211    .text.TIM1_TRG_COM_TIM17_IRQHandler  stm32f1xx_it.o
    0x080039cc   0x080039cc   0x00000140   Code   RO          209    .text.TIM1_UP_TIM16_IRQHandler  stm32f1xx_it.o
    0x08003b0c   0x08003b0c   0x00000026   Code   RO          213    .text.TIM4_IRQHandler  stm32f1xx_it.o
    0x08003b32   0x08003b32   0x00000002   PAD
    0x08003b34   0x08003b34   0x000000ec   Code   RO          215    .text.TIM6_DAC_IRQHandler  stm32f1xx_it.o
    0x08003c20   0x08003c20   0x00000630   Code   RO          217    .text.TIM7_IRQHandler  stm32f1xx_it.o
    0x08004250   0x08004250   0x000000e4   Code   RO          799    .text.TIM_Base_SetConfig  stm32f1xx_hal_tim.o
    0x08004334   0x08004334   0x00000024   Code   RO          833    .text.TIM_CCxChannelCmd  stm32f1xx_hal_tim.o
    0x08004358   0x08004358   0x0000005c   Code   RO          819    .text.TIM_DMAError  stm32f1xx_hal_tim.o
    0x080043b4   0x080043b4   0x000000c2   Code   RO          981    .text.TIM_SlaveTimer_SetConfig  stm32f1xx_hal_tim.o
    0x08004476   0x08004476   0x00000002   PAD
    0x08004478   0x08004478   0x000000e2   Code   RO         1118    .text.UART_SetConfig  stm32f1xx_hal_uart.o
    0x0800455a   0x0800455a   0x00000002   PAD
    0x0800455c   0x0800455c   0x00000002   Code   RO          197    .text.UsageFault_Handler  stm32f1xx_it.o
    0x0800455e   0x0800455e   0x00000002   PAD
    0x08004560   0x08004560   0x00000048   Code   RO          141    .text.config_speed  main.o
    0x080045a8   0x080045a8   0x00000054   Code   RO           37    .text.delay_us      timers.o
    0x080045fc   0x080045fc   0x00000888   Code   RO          145    .text.main          main.o
    0x08004e84   0x08004e84   0x0000000e   Code   RO          137    .text.nema_start    main.o
    0x08004e92   0x08004e92   0x00000002   PAD
    0x08004e94   0x08004e94   0x00000026   Code   RO          135    .text.nema_start_part  main.o
    0x08004eba   0x08004eba   0x00000002   PAD
    0x08004ebc   0x08004ebc   0x00000088   Code   RO          185    .text.read_callback_sensor  stm32f1xx_it.o
    0x08004f44   0x08004f44   0x000005d4   Code   RO          187    .text.scan_keyb     stm32f1xx_it.o
    0x08005518   0x08005518   0x0000000e   Code   RO         1270    i._is_digit         c_w.l(__printf_wp.o)
    0x08005526   0x08005526   0x00000002   PAD
    0x08005528   0x08005528   0x0000002c   Code   RO         1396    locale$$code        c_w.l(lc_ctype_c.o)
    0x08005554   0x08005554   0x0000005e   Code   RO         1296    x$fpl$dfix          fz_ws.l(dfix.o)
    0x080055b2   0x080055b2   0x00000026   Code   RO         1300    x$fpl$dfltu         fz_ws.l(dflt_clz.o)
    0x080055d8   0x080055d8   0x00000154   Code   RO         1306    x$fpl$dmul          fz_ws.l(dmul.o)
    0x0800572c   0x0800572c   0x0000009c   Code   RO         1353    x$fpl$dnaninf       fz_ws.l(dnaninf.o)
    0x080057c8   0x080057c8   0x0000000c   Code   RO         1355    x$fpl$dretinf       fz_ws.l(dretinf.o)
    0x080057d4   0x080057d4   0x00000000   Code   RO         1361    x$fpl$usenofp       fz_ws.l(usenofp.o)
    0x080057d4   0x080057d4   0x00000011   Data   RO         1273    .constdata          c_w.l(__printf_flags_wp.o)
    0x080057e5   0x080057e5   0x00000010   Data   RO         1239    .rodata.AHBPrescTable  system_stm32f1xx.o
    0x080057f5   0x080057f5   0x00000008   Data   RO         1240    .rodata.APBPrescTable  system_stm32f1xx.o
    0x080057fd   0x080057fd   0x00000020   Data   RO          495    .rodata.cst16       stm32f1xx_hal_rcc.o
    0x0800581d   0x0800581d   0x00000003   PAD
    0x08005820   0x08005820   0x00000020   Data   RO         1015    .rodata.cst16       stm32f1xx_hal_tim.o
    0x08005840   0x08005840   0x00000003   Data   RO          124    .rodata.str1.1      ba63.o
    0x08005843   0x08005843   0x0000000a   Data   RO          248    .rodata.str1.1      stm32f1xx_it.o
    0x0800584d   0x0800584d   0x00000003   PAD
    0x08005850   0x08005850   0x00000020   Data   RO         1541    Region$$Table       anon$$obj.o
    0x08005870   0x08005870   0x00000110   Data   RO         1395    locale$$data        c_w.l(lc_ctype_c.o)


    Execution Region RW_IRAM1 (Exec base: 0x20000000, Load base: 0x08005980, Size: 0x00000d58, Max: 0x00002000, ABSOLUTE)

    Exec Addr    Load Addr    Size         Type   Attr      Idx    E Section Name        Object

    0x20000000   0x08005980   0x00000001   Data   RW           78    .data.ARGB_BR       argb.o
    0x20000001   0x08005981   0x00000003   PAD
    0x20000004   0x08005984   0x00000004   Data   RW         1238    .data.SystemCoreClock  system_stm32f1xx.o
    0x20000008   0x08005988   0x00000100   Data   RW          119    .data.charSet866    ba63.o
    0x20000108   0x08005a88   0x00000004   Data   RW          120    .data.clearCmd      ba63.o
    0x2000010c   0x08005a8c   0x00000003   Data   RW          121    .data.cpcode        ba63.o
    0x2000010f   0x08005a8f   0x00000001   Data   RW          225    .data.govno         stm32f1xx_it.o
    0x20000110   0x08005a90   0x00000005   Data   RW          101    .data.ru_debug_adc  locale_ru.o
    0x20000115   0x08005a95   0x00000006   Data   RW          102    .data.ru_debug_input  locale_ru.o
    0x2000011b   0x08005a9b   0x0000000a   Data   RW          103    .data.ru_debug_ver  locale_ru.o
    0x20000125   0x08005aa5   0x00000015   Data   RW          100    .data.ru_finish     locale_ru.o
    0x2000013a   0x08005aba   0x00000015   Data   RW           94    .data.ru_frames_template  locale_ru.o
    0x2000014f   0x08005acf   0x00000015   Data   RW           98    .data.ru_paused     locale_ru.o
    0x20000164   0x08005ae4   0x00000015   Data   RW           92    .data.ru_ready      locale_ru.o
    0x20000179   0x08005af9   0x00000015   Data   RW           90    .data.ru_rgb_template  locale_ru.o
    0x2000018e   0x08005b0e   0x00000015   Data   RW           95    .data.ru_user_irq_first  locale_ru.o
    0x200001a3   0x08005b23   0x00000015   Data   RW           96    .data.ru_user_irq_second  locale_ru.o
    0x200001b8   0x08005b38   0x00000006   Data   RW          122    .data.setCurPos     ba63.o
    0x200001be   0x08005b3e   0x00000001   Data   RW          242    .data.shotLock      stm32f1xx_it.o
    0x200001bf   0x08005b3f   0x00000001   PAD
    0x200001c0   0x08005b40   0x00000002   Data   RW          157    .data.timDelayMs    main.o
    0x200001c2   0x08005b42   0x00000001   Data   RW          457    .data.uwTickFreq    stm32f1xx_hal.o
    0x200001c3   0x08005b43   0x00000001   PAD
    0x200001c4   0x08005b44   0x00000004   Data   RW          456    .data.uwTickPrio    stm32f1xx_hal.o
    0x200001c8        -       0x00000060   Zero   RW         1363    .bss                c_w.l(libspace.o)
    0x20000228        -       0x00000001   Zero   RW           81    .bss.ARGB_LOC_ST    argb.o
    0x20000229   0x08005b48   0x00000001   PAD
    0x2000022a        -       0x00000002   Zero   RW           77    .bss.BUF_COUNTER    argb.o
    0x2000022c        -       0x000000c0   Zero   RW           76    .bss.PWM_BUF        argb.o
    0x200002ec        -       0x00000001   Zero   RW           79    .bss.PWM_HI         argb.o
    0x200002ed        -       0x00000001   Zero   RW           80    .bss.PWM_LO         argb.o
    0x200002ee        -       0x00000006   Zero   RW          230    .bss.RGB            stm32f1xx_it.o
    0x200002f4        -       0x00000060   Zero   RW           75    .bss.RGB_BUF        argb.o
    0x20000354        -       0x00000001   Zero   RW          234    .bss.RGBpointer     stm32f1xx_it.o
    0x20000355        -       0x00000006   Zero   RW          247    .bss.TIM1_UP_TIM16_IRQHandler.framChar  stm32f1xx_it.o
    0x2000035b   0x08005b48   0x00000001   PAD
    0x2000035c        -       0x00000055   Zero   RW          246    .bss.VBuf           stm32f1xx_it.o
    0x200003b1        -       0x00000005   Zero   RW          239    .bss.adc_cnt        stm32f1xx_it.o
    0x200003b6        -       0x00000004   Zero   RW          253    .bss.blueLevel      stm32f1xx_it.o
    0x200003ba        -       0x00000003   Zero   RW          240    .bss.callback_adc   stm32f1xx_it.o
    0x200003bd   0x08005b48   0x00000001   PAD
    0x200003be        -       0x00000002   Zero   RW          229    .bss.callback_analog  stm32f1xx_it.o
    0x200003c0        -       0x00000001   Zero   RW          223    .bss.cam_busy       stm32f1xx_it.o
    0x200003c1        -       0x00000001   Zero   RW          243    .bss.colorSet       stm32f1xx_it.o
    0x200003c2        -       0x00000002   Zero   RW           39    .bss.debud_value    timers.o
    0x200003c4        -       0x00000001   Zero   RW          156    .bss.debugMode      main.o
    0x200003c5        -       0x00000001   Zero   RW          236    .bss.delayPointer   stm32f1xx_it.o
    0x200003c6        -       0x00000001   Zero   RW          224    .bss.first_run      stm32f1xx_it.o
    0x200003c7   0x08005b48   0x00000001   PAD
    0x200003c8        -       0x00000002   Zero   RW          232    .bss.framCnt        stm32f1xx_it.o
    0x200003ca        -       0x00000015   Zero   RW          249    .bss.frame_cnt      stm32f1xx_it.o
    0x200003df        -       0x00000001   Zero   RW          226    .bss.govno2         stm32f1xx_it.o
    0x200003e0        -       0x00000002   Zero   RW          227    .bss.govno3         stm32f1xx_it.o
    0x200003e2        -       0x00000004   Zero   RW          252    .bss.greenLevel     stm32f1xx_it.o
    0x200003e6   0x08005b48   0x00000002   PAD
    0x200003e8        -       0x00000030   Zero   RW          162    .bss.hadc1          main.o
    0x20000418        -       0x00000044   Zero   RW          168    .bss.hdma_tim2_ch2_ch4  main.o
    0x2000045c        -       0x00000048   Zero   RW          163    .bss.htim1          main.o
    0x200004a4        -       0x00000048   Zero   RW          158    .bss.htim15         main.o
    0x200004ec        -       0x00000048   Zero   RW          167    .bss.htim16         main.o
    0x20000534        -       0x00000048   Zero   RW          161    .bss.htim17         main.o
    0x2000057c        -       0x00000048   Zero   RW          164    .bss.htim2          main.o
    0x200005c4        -       0x00000048   Zero   RW          159    .bss.htim3          main.o
    0x2000060c        -       0x00000048   Zero   RW          165    .bss.htim4          main.o
    0x20000654        -       0x00000048   Zero   RW          166    .bss.htim6          main.o
    0x2000069c        -       0x00000048   Zero   RW          160    .bss.htim7          main.o
    0x200006e4        -       0x00000044   Zero   RW          169    .bss.huart1         main.o
    0x20000728        -       0x00000001   Zero   RW          233    .bss.inputPointer   stm32f1xx_it.o
    0x20000729        -       0x00000001   Zero   RW          221    .bss.pausePending   stm32f1xx_it.o
    0x2000072a        -       0x00000004   Zero   RW          251    .bss.redLevel       stm32f1xx_it.o
    0x2000072e        -       0x00000001   Zero   RW          244    .bss.run            stm32f1xx_it.o
    0x2000072f   0x08005b48   0x00000001   PAD
    0x20000730        -       0x00000002   Zero   RW          228    .bss.speed          stm32f1xx_it.o
    0x20000732        -       0x00000001   Zero   RW          219    .bss.stop           stm32f1xx_it.o
    0x20000733        -       0x00000001   Zero   RW          235    .bss.timPointer     stm32f1xx_it.o
    0x20000734        -       0x00000015   Zero   RW          250    .bss.tmp_rgb_template  stm32f1xx_it.o
    0x20000749        -       0x00000001   Zero   RW          245    .bss.ttm            stm32f1xx_it.o
    0x2000074a   0x08005b48   0x00000002   PAD
    0x2000074c        -       0x00000004   Zero   RW          237    .bss.userInputString  stm32f1xx_it.o
    0x20000750        -       0x00000004   Zero   RW          458    .bss.uwTick         stm32f1xx_hal.o
    0x20000754        -       0x00000001   Zero   RW          241    .bss.writeLock      stm32f1xx_it.o
    0x20000755   0x08005b48   0x00000003   PAD
    0x20000758        -       0x00000200   Zero   RW            2    HEAP                startup_stm32f100xb.o
    0x20000958        -       0x00000400   Zero   RW            1    STACK               startup_stm32f100xb.o


==============================================================================

Image component sizes


      Code (inc. data)   RO Data    RW Data    ZI Data      Debug   Object Name

      1626          0          0          1        293      12713   argb.o
       242          0          3        269          0       4261   ba63.o
       570          4          0          0          0       7820   hd44780_driver.o
         0          0          0        168          0        784   locale_ru.o
      2452        112          0          2        833      14523   main.o
        64         26        288          0       1536        772   startup_stm32f100xb.o
       180          0          0          5          4       5536   stm32f1xx_hal.o
      1440          0          0          0          0      12375   stm32f1xx_hal_adc.o
       194          0          0          0          0       8412   stm32f1xx_hal_cortex.o
       798          0          0          0          0       7490   stm32f1xx_hal_dma.o
       526         20          0          0          0       4616   stm32f1xx_hal_gpio.o
      1238          0          0          0          0      10828   stm32f1xx_hal_msp.o
      1204          0         32          0          0       7361   stm32f1xx_hal_rcc.o
       374          0          0          0          0       2944   stm32f1xx_hal_rcc_ex.o
      3334          8         32          0          0      52597   stm32f1xx_hal_tim.o
       218          0          0          0          0      20114   stm32f1xx_hal_tim_ex.o
       622          0          0          0          0      22252   stm32f1xx_hal_uart.o
      4102         16         10          2        184      11120   stm32f1xx_it.o
       188          0          0          0          0       3089   stm32f1xx_ll_gpio.o
         2          0         24          4          0       1635   system_stm32f1xx.o
        86          0          0          0          2       1721   timers.o

    ----------------------------------------------------------------------
     19592        186        427        456       2864     212963   Object Totals
         0          0         32          0          0          0   (incl. Generated)
       132          0          6          5         12          0   (incl. Padding)

    ----------------------------------------------------------------------

      Code (inc. data)   RO Data    RW Data    ZI Data      Debug   Library Member Name

         8          0          0          0          0         68   __main.o
       312          4         17          0          0         92   __printf_flags_wp.o
        14          0          0          0          0         68   __printf_wp.o
         0          0          0          0          0          0   __rtentry.o
        12          0          0          0          0          0   __rtentry2.o
         6          0          0          0          0          0   __rtentry4.o
        52          8          0          0          0          0   __scatter.o
        26          0          0          0          0          0   __scatter_copy.o
        28          0          0          0          0          0   __scatter_zi.o
        28          0          0          0          0         68   _chval.o
        48          6          0          0          0         96   _printf_char_common.o
         6          0          0          0          0          0   _printf_d.o
       120         16          0          0          0         92   _printf_dec.o
       178          0          0          0          0         88   _printf_intcommon.o
        78          0          0          0          0        108   _printf_pad.o
         0          0          0          0          0          0   _printf_percent.o
         4          0          0          0          0          0   _printf_percent_end.o
        10          0          0          0          0         68   _sputc.o
       158          0          0          0          0         92   _strtoul.o
        16          0          0          0          0         68   aeabi_memset.o
        26          0          0          0          0         80   atoi.o
        18          0          0          0          0         80   exit.o
         6          0          0          0          0        152   heapauxi.o
         0          0          0          0          0          0   indicate_semi.o
        44         10        272          0          0         76   lc_ctype_c.o
         2          0          0          0          0          0   libinit.o
        20          0          0          0          0          0   libinit2.o
         2          0          0          0          0          0   libshutdown.o
         2          0          0          0          0          0   libshutdown2.o
         8          4          0          0         96         68   libspace.o
        40          6          0          0          0         84   noretval__2sprintf.o
        16          4          0          0          0         76   rt_ctype_table.o
         8          4          0          0          0         68   rt_errno_addr_intlibspace.o
         8          4          0          0          0         68   rt_locale_intlibspace.o
        68          0          0          0          0         68   rt_memclr.o
        78          0          0          0          0         80   rt_memclr_w.o
         2          0          0          0          0          0   rtexit.o
        10          0          0          0          0          0   rtexit2.o
       128          0          0          0          0         68   strcmpv7m.o
        72          0          0          0          0         80   strcpy.o
        86          0          0          0          0         76   strncpy.o
       112          0          0          0          0         88   strtol.o
        12          4          0          0          0         68   sys_exit.o
        74          0          0          0          0         80   sys_stackheap_outer.o
         2          0          0          0          0         68   use_no_semi.o
        94          4          0          0          0         92   dfix.o
        38          0          0          0          0         68   dflt_clz.o
       340         12          0          0          0        104   dmul.o
       156          4          0          0          0         92   dnaninf.o
        12          0          0          0          0         68   dretinf.o
         0          0          0          0          0          0   usenofp.o

    ----------------------------------------------------------------------
      2604         90        289          0         96       2760   Library Totals
        16          0          0          0          0          0   (incl. Padding)

    ----------------------------------------------------------------------

      Code (inc. data)   RO Data    RW Data    ZI Data      Debug   Library Name

      1948         70        289          0         96       2336   c_w.l
       640         20          0          0          0        424   fz_ws.l

    ----------------------------------------------------------------------
      2604         90        289          0         96       2760   Library Totals

    ----------------------------------------------------------------------

==============================================================================


      Code (inc. data)   RO Data    RW Data    ZI Data      Debug   

     22196        276        716        456       2960     213851   Grand Totals
     22196        276        716        456       2960     213851   ELF Image Totals
     22196        276        716        456          0          0   ROM Totals

==============================================================================

    Total RO  Size (Code + RO Data)                22912 (  22.38kB)
    Total RW  Size (RW Data + ZI Data)              3416 (   3.34kB)
    Total ROM Size (Code + RO Data + RW Data)      23368 (  22.82kB)

==============================================================================

